
Merging object attributes


Merging program properties


Discarded input sections

 .text          0x0000000000000000        0x0 build/arm64/arch/arm64/uiox_boot_entry_arm64.o
 .data          0x0000000000000000        0x0 build/arm64/arch/arm64/uiox_boot_entry_arm64.o
 .bss           0x0000000000000000        0x0 build/arm64/arch/arm64/uiox_boot_entry_arm64.o
 .bss.stack     0x0000000000000000     0x4000 build/arm64/arch/arm64/uiox_boot_entry_arm64.o
 .text          0x0000000000000000        0x0 build/arm64/arch/arm64/uiox_boot_hw_arm64.o
 .data          0x0000000000000000        0x0 build/arm64/arch/arm64/uiox_boot_hw_arm64.o
 .bss           0x0000000000000000        0x0 build/arm64/arch/arm64/uiox_boot_hw_arm64.o
 .comment       0x0000000000000000       0x13 build/arm64/arch/arm64/uiox_boot_hw_arm64.o
 .text          0x0000000000000000        0x0 build/arm64/uiox_boot_hw.o
 .data          0x0000000000000000        0x0 build/arm64/uiox_boot_hw.o
 .bss           0x0000000000000000        0x0 build/arm64/uiox_boot_hw.o
 .text.uiox_boot_hw_ops
                0x0000000000000000        0xc build/arm64/uiox_boot_hw.o
 .text.uiox_boot_hw_init
                0x0000000000000000        0x4 build/arm64/uiox_boot_hw.o
 .text.uiox_boot_hw_get_ticks
                0x0000000000000000       0x20 build/arm64/uiox_boot_hw.o
 .text.uiox_boot_hw_udelay
                0x0000000000000000       0x20 build/arm64/uiox_boot_hw.o
 .text.uiox_boot_hw_reset
                0x0000000000000000       0x24 build/arm64/uiox_boot_hw.o
 .comment       0x0000000000000000       0x13 build/arm64/uiox_boot_hw.o
 .text          0x0000000000000000        0x0 build/arm64/uiox_boot_console.o
 .data          0x0000000000000000        0x0 build/arm64/uiox_boot_console.o
 .bss           0x0000000000000000        0x0 build/arm64/uiox_boot_console.o
 .rodata.uiox_boot_banner.str1.1
                0x0000000000000000       0x9a build/arm64/uiox_boot_console.o
 .text.uiox_boot_banner
                0x0000000000000000       0x58 build/arm64/uiox_boot_console.o
 .comment       0x0000000000000000       0x13 build/arm64/uiox_boot_console.o
 .text          0x0000000000000000        0x0 build/arm64/uiox_boot_mem.o
 .data          0x0000000000000000        0x0 build/arm64/uiox_boot_mem.o
 .bss           0x0000000000000000        0x0 build/arm64/uiox_boot_mem.o
 .comment       0x0000000000000000       0x13 build/arm64/uiox_boot_mem.o
 .text          0x0000000000000000        0x0 build/arm64/uiox_boot_fs.o
 .data          0x0000000000000000        0x0 build/arm64/uiox_boot_fs.o
 .bss           0x0000000000000000        0x0 build/arm64/uiox_boot_fs.o
 .comment       0x0000000000000000       0x13 build/arm64/uiox_boot_fs.o
 .text          0x0000000000000000        0x0 build/arm64/uiox_boot_verify.o
 .data          0x0000000000000000        0x0 build/arm64/uiox_boot_verify.o
 .bss           0x0000000000000000        0x0 build/arm64/uiox_boot_verify.o
 .comment       0x0000000000000000       0x13 build/arm64/uiox_boot_verify.o
 .text          0x0000000000000000        0x0 build/arm64/uiox_boot_handoff.o
 .data          0x0000000000000000        0x0 build/arm64/uiox_boot_handoff.o
 .bss           0x0000000000000000        0x0 build/arm64/uiox_boot_handoff.o
 .comment       0x0000000000000000       0x13 build/arm64/uiox_boot_handoff.o
 .text          0x0000000000000000        0x0 build/arm64/uiox_boot_main.o
 .data          0x0000000000000000        0x0 build/arm64/uiox_boot_main.o
 .bss           0x0000000000000000        0x0 build/arm64/uiox_boot_main.o
 .comment       0x0000000000000000       0x13 build/arm64/uiox_boot_main.o
 .note.gnu.property
                0x0000000000000000        0x0 build/arm64/uiox_boot_main.o

Memory Configuration

Name             Origin             Length             Attributes
DRAM             0x0000000040000000 0x0000000004000000 xrw
*default*        0x0000000000000000 0xffffffffffffffff

Linker script and memory map

LOAD build/arm64/arch/arm64/uiox_boot_entry_arm64.o
LOAD build/arm64/arch/arm64/uiox_boot_hw_arm64.o
LOAD build/arm64/uiox_boot_hw.o
LOAD build/arm64/uiox_boot_console.o
LOAD build/arm64/uiox_boot_mem.o
LOAD build/arm64/uiox_boot_fs.o
LOAD build/arm64/uiox_boot_verify.o
LOAD build/arm64/uiox_boot_handoff.o
LOAD build/arm64/uiox_boot_main.o
                0x0000000040000000                _boot_load_base = 0x40000000
                0x0000000040080000                _kern_load_base = 0x40080000
                0x0000000040070000                _args_base = 0x40070000
                0x0000000040000000                . = _boot_load_base

.boot           0x0000000040000000       0x90
                0x0000000040000000                _boot_start = .
 *(.boot)
 .boot          0x0000000040000000       0x90 build/arm64/arch/arm64/uiox_boot_entry_arm64.o
                0x0000000040000000                _start
 *(.boot.text)
                0x0000000040000090                _boot_end = .

.text           0x0000000040001000     0x1b7c
 *(.text.unlikely)
 *(.text*)
 .text.pl011_init
                0x0000000040001000       0x34 build/arm64/arch/arm64/uiox_boot_hw_arm64.o
 .text.pl011_putc
                0x0000000040001034       0x20 build/arm64/arch/arm64/uiox_boot_hw_arm64.o
 .text.arm64_dcache_flush
                0x0000000040001054       0x24 build/arm64/arch/arm64/uiox_boot_hw_arm64.o
 .text.arm64_icache_inv
                0x0000000040001078       0x10 build/arm64/arch/arm64/uiox_boot_hw_arm64.o
 .text.arm64_get_ticks
                0x0000000040001088        0xc build/arm64/arch/arm64/uiox_boot_hw_arm64.o
 .text.arm64_udelay
                0x0000000040001094       0x38 build/arm64/arch/arm64/uiox_boot_hw_arm64.o
 .text.arm64_barrier
                0x00000000400010cc        0xc build/arm64/arch/arm64/uiox_boot_hw_arm64.o
 .text.arm64_reset
                0x00000000400010d8       0x14 build/arm64/arch/arm64/uiox_boot_hw_arm64.o
 .text.uiox_boot_hw_arm64_register
                0x00000000400010ec       0x30 build/arm64/arch/arm64/uiox_boot_hw_arm64.o
                0x00000000400010ec                uiox_boot_hw_arm64_register
 .text.uiox_boot_hw_register
                0x000000004000111c       0x20 build/arm64/uiox_boot_hw.o
                0x000000004000111c                uiox_boot_hw_register
 .text.uiox_boot_hw_uart_putc
                0x000000004000113c       0x20 build/arm64/uiox_boot_hw.o
                0x000000004000113c                uiox_boot_hw_uart_putc
 .text.uiox_boot_hw_dcache_flush
                0x000000004000115c       0x20 build/arm64/uiox_boot_hw.o
                0x000000004000115c                uiox_boot_hw_dcache_flush
 .text.uiox_boot_hw_icache_inv
                0x000000004000117c       0x20 build/arm64/uiox_boot_hw.o
                0x000000004000117c                uiox_boot_hw_icache_inv
 .text.uiox_boot_hw_barrier
                0x000000004000119c       0x20 build/arm64/uiox_boot_hw.o
                0x000000004000119c                uiox_boot_hw_barrier
 .text.udiv32.part.0
                0x00000000400011bc       0x4c build/arm64/uiox_boot_console.o
 .text.div64_u32.constprop.0
                0x0000000040001208       0x6c build/arm64/uiox_boot_console.o
 .text.uiox_boot_console_init
                0x0000000040001274        0x4 build/arm64/uiox_boot_console.o
                0x0000000040001274                uiox_boot_console_init
 .text.uiox_boot_putc
                0x0000000040001278       0x30 build/arm64/uiox_boot_console.o
                0x0000000040001278                uiox_boot_putc
 .text.fmt_hex  0x00000000400012a8       0x98 build/arm64/uiox_boot_console.o
 .text.uiox_boot_puts.part.0
                0x0000000040001340       0x30 build/arm64/uiox_boot_console.o
 .text.uiox_boot_puts
                0x0000000040001370        0xc build/arm64/uiox_boot_console.o
                0x0000000040001370                uiox_boot_puts
 .text.uiox_boot_printf
                0x000000004000137c      0x4cc build/arm64/uiox_boot_console.o
                0x000000004000137c                uiox_boot_printf
 .text.fdt_be32
                0x0000000040001848        0xc build/arm64/uiox_boot_mem.o
 .text.uiox_boot_memset
                0x0000000040001854       0x1c build/arm64/uiox_boot_mem.o
                0x0000000040001854                uiox_boot_memset
 .text.uiox_boot_memcpy
                0x0000000040001870       0x20 build/arm64/uiox_boot_mem.o
                0x0000000040001870                uiox_boot_memcpy
 .text.uiox_boot_memcmp
                0x0000000040001890       0x34 build/arm64/uiox_boot_mem.o
                0x0000000040001890                uiox_boot_memcmp
 .text.uiox_boot_strlen
                0x00000000400018c4       0x1c build/arm64/uiox_boot_mem.o
                0x00000000400018c4                uiox_boot_strlen
 .text.uiox_boot_mem_probe
                0x00000000400018e0      0x22c build/arm64/uiox_boot_mem.o
                0x00000000400018e0                uiox_boot_mem_probe
 .text.uiox_boot_mem_print
                0x0000000040001b0c       0xa8 build/arm64/uiox_boot_mem.o
                0x0000000040001b0c                uiox_boot_mem_print
 .text.uiox_boot_mem_alloc_init
                0x0000000040001bb4       0x7c build/arm64/uiox_boot_mem.o
                0x0000000040001bb4                uiox_boot_mem_alloc_init
 .text.uiox_boot_mem_alloc
                0x0000000040001c30       0x54 build/arm64/uiox_boot_mem.o
                0x0000000040001c30                uiox_boot_mem_alloc
 .text.fat32_read_fat
                0x0000000040001c84       0x7c build/arm64/uiox_boot_fs.o
 .text.uiox_boot_fs_init
                0x0000000040001d00       0xe0 build/arm64/uiox_boot_fs.o
                0x0000000040001d00                uiox_boot_fs_init
 .text.uiox_boot_fs_load
                0x0000000040001de0      0x2e0 build/arm64/uiox_boot_fs.o
                0x0000000040001de0                uiox_boot_fs_load
 .text.sha256_transform
                0x00000000400020c0      0x19c build/arm64/uiox_boot_verify.o
 .text.uiox_sha256_init
                0x000000004000225c       0x54 build/arm64/uiox_boot_verify.o
                0x000000004000225c                uiox_sha256_init
 .text.uiox_sha256_update
                0x00000000400022b0       0x70 build/arm64/uiox_boot_verify.o
                0x00000000400022b0                uiox_sha256_update
 .text.uiox_sha256_final
                0x0000000040002320       0xe0 build/arm64/uiox_boot_verify.o
                0x0000000040002320                uiox_sha256_final
 .text.uiox_sha256
                0x0000000040002400       0x40 build/arm64/uiox_boot_verify.o
                0x0000000040002400                uiox_sha256
 .text.uiox_boot_verify_image
                0x0000000040002440       0xe4 build/arm64/uiox_boot_verify.o
                0x0000000040002440                uiox_boot_verify_image
 .text.uiox_boot_elf64_load
                0x0000000040002524      0x150 build/arm64/uiox_boot_handoff.o
                0x0000000040002524                uiox_boot_elf64_load
 .text.uiox_boot_flat_load
                0x0000000040002674       0x6c build/arm64/uiox_boot_handoff.o
                0x0000000040002674                uiox_boot_flat_load
 .text.uiox_boot_arch_jump
                0x00000000400026e0       0x34 build/arm64/uiox_boot_handoff.o
                0x00000000400026e0                uiox_boot_arch_jump
 .text.uiox_boot_handoff
                0x0000000040002714       0xd4 build/arm64/uiox_boot_handoff.o
                0x0000000040002714                uiox_boot_handoff
 .text.sim_blk_read
                0x00000000400027e8        0x8 build/arm64/uiox_boot_main.o
 .text.uiox_boot_main
                0x00000000400027f0      0x38c build/arm64/uiox_boot_main.o
                0x00000000400027f0                uiox_boot_main
 *(.gnu.linkonce.t*)

.iplt           0x0000000040002b7c        0x0
 .iplt          0x0000000040002b7c        0x0 build/arm64/arch/arm64/uiox_boot_entry_arm64.o

.rodata         0x0000000040003000      0x740
 *(.rodata*)
 .rodata.arm64_ops
                0x0000000040003000       0x40 build/arm64/arch/arm64/uiox_boot_hw_arm64.o
 .rodata.uiox_boot_printf.str1.1
                0x0000000040003040      0x5a7 build/arm64/uiox_boot_console.o
                                          0xa (size before relaxing)
 .rodata.s_hex_up
                0x00000000400035e7       0x11 build/arm64/uiox_boot_console.o
 .rodata.s_hex_lo
                0x00000000400035f8       0x11 build/arm64/uiox_boot_console.o
 .rodata.uiox_boot_mem_print.str1.1
                0x0000000040003609        0x0 build/arm64/uiox_boot_mem.o
                                         0x4d (size before relaxing)
 .rodata.str1.1
                0x0000000040003609        0x0 build/arm64/uiox_boot_mem.o
                                         0x27 (size before relaxing)
 *fill*         0x0000000040003609        0x7 
 .rodata.type_names.0
                0x0000000040003610       0x30 build/arm64/uiox_boot_mem.o
 .rodata.uiox_boot_verify_image.str1.1
                0x0000000040003640        0x0 build/arm64/uiox_boot_verify.o
                                         0xf3 (size before relaxing)
 .rodata.K      0x0000000040003640      0x100 build/arm64/uiox_boot_verify.o
 .rodata.uiox_boot_elf64_load.str1.1
                0x0000000040003740        0x0 build/arm64/uiox_boot_handoff.o
                                         0x5a (size before relaxing)
 .rodata.uiox_boot_flat_load.str1.1
                0x0000000040003740        0x0 build/arm64/uiox_boot_handoff.o
                                         0x26 (size before relaxing)
 .rodata.uiox_boot_handoff.str1.1
                0x0000000040003740        0x0 build/arm64/uiox_boot_handoff.o
                                         0x4d (size before relaxing)
 .rodata.uiox_boot_main.str1.1
                0x0000000040003740        0x0 build/arm64/uiox_boot_main.o
                                        0x369 (size before relaxing)
 *(.gnu.linkonce.r*)

.rela.dyn       0x0000000040003740        0x0
 .rela.iplt     0x0000000040003740        0x0 build/arm64/arch/arm64/uiox_boot_entry_arm64.o
 .rela.boot     0x0000000040003740        0x0 build/arm64/arch/arm64/uiox_boot_entry_arm64.o

.data
 *(.data*)
 *(.gnu.linkonce.d*)

.igot.plt       0x0000000040003740        0x0
 .igot.plt      0x0000000040003740        0x0 build/arm64/arch/arm64/uiox_boot_entry_arm64.o
                0x0000000040003740                . = ALIGN (0x8)
                0x0000000040003740                __bss_start = .

.bss            0x0000000040003740        0x8
 *(.bss*)
 .bss.s_ops     0x0000000040003740        0x8 build/arm64/uiox_boot_hw.o
 *(.gnu.linkonce.b*)
 *(COMMON)

.bss.pagetables
 *(.bss.pagetables)

.bss.stack
 *(.bss.stack)
                0x0000000040003748                __bss_end = ALIGN (0x8)
                0x0000000040003748                _boot_stack_top = __bss_end
                0x0000000040003748                _boot_image_end = .

/DISCARD/
 *(.comment)
 *(.note*)
 *(.eh_frame*)
 *(.ARM.exidx*)
OUTPUT(build/arm64/uiox_boot_arm64.elf elf64-littleaarch64)
LOAD linker stubs

.debug_line     0x0000000000000000     0x226d
 .debug_line    0x0000000000000000       0x70 build/arm64/arch/arm64/uiox_boot_entry_arm64.o
 .debug_line    0x0000000000000070      0x2c3 build/arm64/arch/arm64/uiox_boot_hw_arm64.o
 .debug_line    0x0000000000000333      0x244 build/arm64/uiox_boot_hw.o
 .debug_line    0x0000000000000577      0x84f build/arm64/uiox_boot_console.o
 .debug_line    0x0000000000000dc6      0x5c2 build/arm64/uiox_boot_mem.o
 .debug_line    0x0000000000001388      0x44e build/arm64/uiox_boot_fs.o
 .debug_line    0x00000000000017d6      0x4f3 build/arm64/uiox_boot_verify.o
 .debug_line    0x0000000000001cc9      0x27b build/arm64/uiox_boot_handoff.o
 .debug_line    0x0000000000001f44      0x329 build/arm64/uiox_boot_main.o

.debug_line_str
                0x0000000000000000      0x19c
 .debug_line_str
                0x0000000000000000      0x19c build/arm64/arch/arm64/uiox_boot_entry_arm64.o
                                         0x50 (size before relaxing)
 .debug_line_str
                0x000000000000019c        0x0 build/arm64/arch/arm64/uiox_boot_hw_arm64.o
                                         0xd8 (size before relaxing)
 .debug_line_str
                0x000000000000019c        0x0 build/arm64/uiox_boot_hw.o
                                         0xb0 (size before relaxing)
 .debug_line_str
                0x000000000000019c        0x0 build/arm64/uiox_boot_console.o
                                         0xca (size before relaxing)
 .debug_line_str
                0x000000000000019c        0x0 build/arm64/uiox_boot_mem.o
                                         0xc8 (size before relaxing)
 .debug_line_str
                0x000000000000019c        0x0 build/arm64/uiox_boot_fs.o
                                         0xc0 (size before relaxing)
 .debug_line_str
                0x000000000000019c        0x0 build/arm64/uiox_boot_verify.o
                                         0xe4 (size before relaxing)
 .debug_line_str
                0x000000000000019c        0x0 build/arm64/uiox_boot_handoff.o
                                         0xf7 (size before relaxing)
 .debug_line_str
                0x000000000000019c        0x0 build/arm64/uiox_boot_main.o
                                        0x101 (size before relaxing)

.debug_info     0x0000000000000000     0x51fc
 .debug_info    0x0000000000000000       0x3b build/arm64/arch/arm64/uiox_boot_entry_arm64.o
 .debug_info    0x000000000000003b      0x69a build/arm64/arch/arm64/uiox_boot_hw_arm64.o
 .debug_info    0x00000000000006d5      0x336 build/arm64/uiox_boot_hw.o
 .debug_info    0x0000000000000a0b     0x1036 build/arm64/uiox_boot_console.o
 .debug_info    0x0000000000001a41      0xb7c build/arm64/uiox_boot_mem.o
 .debug_info    0x00000000000025bd      0xa5c build/arm64/uiox_boot_fs.o
 .debug_info    0x0000000000003019      0x7da build/arm64/uiox_boot_verify.o
 .debug_info    0x00000000000037f3      0xa22 build/arm64/uiox_boot_handoff.o
 .debug_info    0x0000000000004215      0xfe7 build/arm64/uiox_boot_main.o

.debug_abbrev   0x0000000000000000     0x1551
 .debug_abbrev  0x0000000000000000       0x28 build/arm64/arch/arm64/uiox_boot_entry_arm64.o
 .debug_abbrev  0x0000000000000028      0x2e5 build/arm64/arch/arm64/uiox_boot_hw_arm64.o
 .debug_abbrev  0x000000000000030d      0x195 build/arm64/uiox_boot_hw.o
 .debug_abbrev  0x00000000000004a2      0x3b8 build/arm64/uiox_boot_console.o
 .debug_abbrev  0x000000000000085a      0x34a build/arm64/uiox_boot_mem.o
 .debug_abbrev  0x0000000000000ba4      0x291 build/arm64/uiox_boot_fs.o
 .debug_abbrev  0x0000000000000e35      0x242 build/arm64/uiox_boot_verify.o
 .debug_abbrev  0x0000000000001077      0x258 build/arm64/uiox_boot_handoff.o
 .debug_abbrev  0x00000000000012cf      0x282 build/arm64/uiox_boot_main.o

.debug_aranges  0x0000000000000000      0x470
 .debug_aranges
                0x0000000000000000       0x30 build/arm64/arch/arm64/uiox_boot_entry_arm64.o
 .debug_aranges
                0x0000000000000030       0xb0 build/arm64/arch/arm64/uiox_boot_hw_arm64.o
 .debug_aranges
                0x00000000000000e0       0xc0 build/arm64/uiox_boot_hw.o
 .debug_aranges
                0x00000000000001a0       0xb0 build/arm64/uiox_boot_console.o
 .debug_aranges
                0x0000000000000250       0xb0 build/arm64/uiox_boot_mem.o
 .debug_aranges
                0x0000000000000300       0x50 build/arm64/uiox_boot_fs.o
 .debug_aranges
                0x0000000000000350       0x80 build/arm64/uiox_boot_verify.o
 .debug_aranges
                0x00000000000003d0       0x60 build/arm64/uiox_boot_handoff.o
 .debug_aranges
                0x0000000000000430       0x40 build/arm64/uiox_boot_main.o

.debug_str      0x0000000000000000      0xd5b
 .debug_str     0x0000000000000000      0xd5b build/arm64/arch/arm64/uiox_boot_entry_arm64.o
                                         0x65 (size before relaxing)
 .debug_str     0x0000000000000d5b        0x0 build/arm64/arch/arm64/uiox_boot_hw_arm64.o
                                        0x297 (size before relaxing)
 .debug_str     0x0000000000000d5b        0x0 build/arm64/uiox_boot_hw.o
                                        0x281 (size before relaxing)
 .debug_str     0x0000000000000d5b        0x0 build/arm64/uiox_boot_console.o
                                        0x283 (size before relaxing)
 .debug_str     0x0000000000000d5b        0x0 build/arm64/uiox_boot_mem.o
                                        0x4fa (size before relaxing)
 .debug_str     0x0000000000000d5b        0x0 build/arm64/uiox_boot_fs.o
                                        0x4ce (size before relaxing)
 .debug_str     0x0000000000000d5b        0x0 build/arm64/uiox_boot_verify.o
                                        0x3ae (size before relaxing)
 .debug_str     0x0000000000000d5b        0x0 build/arm64/uiox_boot_handoff.o
                                        0x5b4 (size before relaxing)
 .debug_str     0x0000000000000d5b        0x0 build/arm64/uiox_boot_main.o
                                        0x76b (size before relaxing)

.debug_loclists
                0x0000000000000000     0x26fd
 .debug_loclists
                0x0000000000000000      0x219 build/arm64/arch/arm64/uiox_boot_hw_arm64.o
 .debug_loclists
                0x0000000000000219       0xcd build/arm64/uiox_boot_hw.o
 .debug_loclists
                0x00000000000002e6      0xbaf build/arm64/uiox_boot_console.o
 .debug_loclists
                0x0000000000000e95      0x666 build/arm64/uiox_boot_mem.o
 .debug_loclists
                0x00000000000014fb      0x601 build/arm64/uiox_boot_fs.o
 .debug_loclists
                0x0000000000001afc      0x529 build/arm64/uiox_boot_verify.o
 .debug_loclists
                0x0000000000002025      0x3b2 build/arm64/uiox_boot_handoff.o
 .debug_loclists
                0x00000000000023d7      0x326 build/arm64/uiox_boot_main.o

.debug_rnglists
                0x0000000000000000      0x671
 .debug_rnglists
                0x0000000000000000       0xba build/arm64/arch/arm64/uiox_boot_hw_arm64.o
 .debug_rnglists
                0x00000000000000ba       0x71 build/arm64/uiox_boot_hw.o
 .debug_rnglists
                0x000000000000012b      0x1c9 build/arm64/uiox_boot_console.o
 .debug_rnglists
                0x00000000000002f4      0x11f build/arm64/uiox_boot_mem.o
 .debug_rnglists
                0x0000000000000413       0xed build/arm64/uiox_boot_fs.o
 .debug_rnglists
                0x0000000000000500       0xae build/arm64/uiox_boot_verify.o
 .debug_rnglists
                0x00000000000005ae       0x7b build/arm64/uiox_boot_handoff.o
 .debug_rnglists
                0x0000000000000629       0x48 build/arm64/uiox_boot_main.o

.debug_frame    0x0000000000000000      0x7a8
 .debug_frame   0x0000000000000000       0xe8 build/arm64/arch/arm64/uiox_boot_hw_arm64.o
 .debug_frame   0x00000000000000e8      0x110 build/arm64/uiox_boot_hw.o
 .debug_frame   0x00000000000001f8      0x168 build/arm64/uiox_boot_console.o
 .debug_frame   0x0000000000000360      0x130 build/arm64/uiox_boot_mem.o
 .debug_frame   0x0000000000000490       0xc8 build/arm64/uiox_boot_fs.o
 .debug_frame   0x0000000000000558      0x118 build/arm64/uiox_boot_verify.o
 .debug_frame   0x0000000000000670       0xd0 build/arm64/uiox_boot_handoff.o
 .debug_frame   0x0000000000000740       0x68 build/arm64/uiox_boot_main.o
