
Merging object attributes


Discarded input sections

 .text          0x0000000000000000        0x0 build/riscv64/arch/riscv64/uiox_boot_entry_riscv64.o
 .data          0x0000000000000000        0x0 build/riscv64/arch/riscv64/uiox_boot_entry_riscv64.o
 .bss           0x0000000000000000        0x0 build/riscv64/arch/riscv64/uiox_boot_entry_riscv64.o
 .bss.stack     0x0000000000000000     0x2000 build/riscv64/arch/riscv64/uiox_boot_entry_riscv64.o
 .riscv.attributes
                0x0000000000000000       0x76 build/riscv64/arch/riscv64/uiox_boot_entry_riscv64.o
 .text          0x0000000000000000        0x0 build/riscv64/arch/riscv64/uiox_boot_hw_riscv64.o
 .data          0x0000000000000000        0x0 build/riscv64/arch/riscv64/uiox_boot_hw_riscv64.o
 .bss           0x0000000000000000        0x0 build/riscv64/arch/riscv64/uiox_boot_hw_riscv64.o
 .comment       0x0000000000000000       0x13 build/riscv64/arch/riscv64/uiox_boot_hw_riscv64.o
 .note.GNU-stack
                0x0000000000000000        0x0 build/riscv64/arch/riscv64/uiox_boot_hw_riscv64.o
 .riscv.attributes
                0x0000000000000000       0x78 build/riscv64/arch/riscv64/uiox_boot_hw_riscv64.o
 .text          0x0000000000000000        0x0 build/riscv64/uiox_boot_hw.o
 .data          0x0000000000000000        0x0 build/riscv64/uiox_boot_hw.o
 .bss           0x0000000000000000        0x0 build/riscv64/uiox_boot_hw.o
 .text.uiox_boot_hw_ops
                0x0000000000000000        0xa build/riscv64/uiox_boot_hw.o
 .text.uiox_boot_hw_init
                0x0000000000000000        0x2 build/riscv64/uiox_boot_hw.o
 .text.uiox_boot_hw_get_ticks
                0x0000000000000000       0x14 build/riscv64/uiox_boot_hw.o
 .text.uiox_boot_hw_udelay
                0x0000000000000000       0x12 build/riscv64/uiox_boot_hw.o
 .text.uiox_boot_hw_reset
                0x0000000000000000       0x16 build/riscv64/uiox_boot_hw.o
 .comment       0x0000000000000000       0x13 build/riscv64/uiox_boot_hw.o
 .note.GNU-stack
                0x0000000000000000        0x0 build/riscv64/uiox_boot_hw.o
 .riscv.attributes
                0x0000000000000000       0x74 build/riscv64/uiox_boot_hw.o
 .text          0x0000000000000000        0x0 build/riscv64/uiox_boot_console.o
 .data          0x0000000000000000        0x0 build/riscv64/uiox_boot_console.o
 .bss           0x0000000000000000        0x0 build/riscv64/uiox_boot_console.o
 .rodata.uiox_boot_banner.str1.8
                0x0000000000000000       0xac build/riscv64/uiox_boot_console.o
 .text.uiox_boot_banner
                0x0000000000000000       0x68 build/riscv64/uiox_boot_console.o
 .comment       0x0000000000000000       0x13 build/riscv64/uiox_boot_console.o
 .note.GNU-stack
                0x0000000000000000        0x0 build/riscv64/uiox_boot_console.o
 .riscv.attributes
                0x0000000000000000       0x74 build/riscv64/uiox_boot_console.o
 .text          0x0000000000000000        0x0 build/riscv64/uiox_boot_mem.o
 .data          0x0000000000000000        0x0 build/riscv64/uiox_boot_mem.o
 .bss           0x0000000000000000        0x0 build/riscv64/uiox_boot_mem.o
 .comment       0x0000000000000000       0x13 build/riscv64/uiox_boot_mem.o
 .note.GNU-stack
                0x0000000000000000        0x0 build/riscv64/uiox_boot_mem.o
 .riscv.attributes
                0x0000000000000000       0x74 build/riscv64/uiox_boot_mem.o
 .text          0x0000000000000000        0x0 build/riscv64/uiox_boot_fs.o
 .data          0x0000000000000000        0x0 build/riscv64/uiox_boot_fs.o
 .bss           0x0000000000000000        0x0 build/riscv64/uiox_boot_fs.o
 .comment       0x0000000000000000       0x13 build/riscv64/uiox_boot_fs.o
 .note.GNU-stack
                0x0000000000000000        0x0 build/riscv64/uiox_boot_fs.o
 .riscv.attributes
                0x0000000000000000       0x74 build/riscv64/uiox_boot_fs.o
 .text          0x0000000000000000        0x0 build/riscv64/uiox_boot_verify.o
 .data          0x0000000000000000        0x0 build/riscv64/uiox_boot_verify.o
 .bss           0x0000000000000000        0x0 build/riscv64/uiox_boot_verify.o
 .comment       0x0000000000000000       0x13 build/riscv64/uiox_boot_verify.o
 .note.GNU-stack
                0x0000000000000000        0x0 build/riscv64/uiox_boot_verify.o
 .riscv.attributes
                0x0000000000000000       0x74 build/riscv64/uiox_boot_verify.o
 .text          0x0000000000000000        0x0 build/riscv64/uiox_boot_handoff.o
 .data          0x0000000000000000        0x0 build/riscv64/uiox_boot_handoff.o
 .bss           0x0000000000000000        0x0 build/riscv64/uiox_boot_handoff.o
 .text.uiox_boot_arch_jump
                0x0000000000000000        0xc build/riscv64/uiox_boot_handoff.o
 .comment       0x0000000000000000       0x13 build/riscv64/uiox_boot_handoff.o
 .note.GNU-stack
                0x0000000000000000        0x0 build/riscv64/uiox_boot_handoff.o
 .riscv.attributes
                0x0000000000000000       0x74 build/riscv64/uiox_boot_handoff.o
 .text          0x0000000000000000        0x0 build/riscv64/uiox_boot_main.o
 .data          0x0000000000000000        0x0 build/riscv64/uiox_boot_main.o
 .bss           0x0000000000000000        0x0 build/riscv64/uiox_boot_main.o
 .comment       0x0000000000000000       0x13 build/riscv64/uiox_boot_main.o
 .note.GNU-stack
                0x0000000000000000        0x0 build/riscv64/uiox_boot_main.o
 .riscv.attributes
                0x0000000000000000       0x74 build/riscv64/uiox_boot_main.o

Memory Configuration

Name             Origin             Length             Attributes
DRAM             0x0000000080200000 0x0000000004000000 xrw
*default*        0x0000000000000000 0xffffffffffffffff

Linker script and memory map

LOAD build/riscv64/arch/riscv64/uiox_boot_entry_riscv64.o
LOAD build/riscv64/arch/riscv64/uiox_boot_hw_riscv64.o
LOAD build/riscv64/uiox_boot_hw.o
LOAD build/riscv64/uiox_boot_console.o
LOAD build/riscv64/uiox_boot_mem.o
LOAD build/riscv64/uiox_boot_fs.o
LOAD build/riscv64/uiox_boot_verify.o
LOAD build/riscv64/uiox_boot_handoff.o
LOAD build/riscv64/uiox_boot_main.o
                0x0000000080200000                _boot_load_base = 0x80200000
                0x0000000080280000                _kern_load_base = 0x80280000
                0x0000000080270000                _args_base = 0x80270000
                0x0000000080200000                . = _boot_load_base

.boot           0x0000000080200000       0x58
                0x0000000080200000                _boot_start = .
 *(.boot)
 .boot          0x0000000080200000       0x58 build/riscv64/arch/riscv64/uiox_boot_entry_riscv64.o
                0x0000000080200000                _start
 *(.boot.text)
                0x0000000080200058                _boot_end = .

.text           0x0000000080201000     0x1ae6
 *(.text.unlikely)
 *(.text*)
 .text.ns16550_init
                0x0000000080201000       0x32 build/riscv64/arch/riscv64/uiox_boot_hw_riscv64.o
 .text.ns16550_putc
                0x0000000080201032       0x1a build/riscv64/arch/riscv64/uiox_boot_hw_riscv64.o
 .text.riscv64_get_ticks
                0x000000008020104c        0xa build/riscv64/arch/riscv64/uiox_boot_hw_riscv64.o
 .text.riscv64_udelay
                0x0000000080201056       0x1e build/riscv64/arch/riscv64/uiox_boot_hw_riscv64.o
 .text.riscv64_dcache_flush
                0x0000000080201074        0x6 build/riscv64/arch/riscv64/uiox_boot_hw_riscv64.o
 .text.riscv64_icache_inv
                0x000000008020107a        0x6 build/riscv64/arch/riscv64/uiox_boot_hw_riscv64.o
 .text.riscv64_barrier
                0x0000000080201080        0x6 build/riscv64/arch/riscv64/uiox_boot_hw_riscv64.o
 .text.riscv64_reset
                0x0000000080201086       0x12 build/riscv64/arch/riscv64/uiox_boot_hw_riscv64.o
 .text.uiox_boot_hw_riscv64_register
                0x0000000080201098       0x2a build/riscv64/arch/riscv64/uiox_boot_hw_riscv64.o
                0x0000000080201098                uiox_boot_hw_riscv64_register
 .text.uiox_boot_hw_register
                0x00000000802010c2       0x12 build/riscv64/uiox_boot_hw.o
                0x00000000802010c2                uiox_boot_hw_register
 .text.uiox_boot_hw_uart_putc
                0x00000000802010d4       0x12 build/riscv64/uiox_boot_hw.o
                0x00000000802010d4                uiox_boot_hw_uart_putc
 .text.uiox_boot_hw_dcache_flush
                0x00000000802010e6       0x12 build/riscv64/uiox_boot_hw.o
                0x00000000802010e6                uiox_boot_hw_dcache_flush
 .text.uiox_boot_hw_icache_inv
                0x00000000802010f8       0x12 build/riscv64/uiox_boot_hw.o
                0x00000000802010f8                uiox_boot_hw_icache_inv
 .text.uiox_boot_hw_barrier
                0x000000008020110a       0x12 build/riscv64/uiox_boot_hw.o
                0x000000008020110a                uiox_boot_hw_barrier
 .text.udiv32.part.0
                0x000000008020111c       0x36 build/riscv64/uiox_boot_console.o
 .text.div64_u32.constprop.0
                0x0000000080201152       0x88 build/riscv64/uiox_boot_console.o
 .text.uiox_boot_console_init
                0x00000000802011da        0x2 build/riscv64/uiox_boot_console.o
                0x00000000802011da                uiox_boot_console_init
 .text.uiox_boot_putc
                0x00000000802011dc       0x28 build/riscv64/uiox_boot_console.o
                0x00000000802011dc                uiox_boot_putc
 .text.fmt_hex  0x0000000080201204       0x84 build/riscv64/uiox_boot_console.o
 .text.uiox_boot_puts.part.0
                0x0000000080201288       0x22 build/riscv64/uiox_boot_console.o
 .text.uiox_boot_puts
                0x00000000802012aa        0xc build/riscv64/uiox_boot_console.o
                0x00000000802012aa                uiox_boot_puts
 .text.uiox_boot_printf
                0x00000000802012b6      0x348 build/riscv64/uiox_boot_console.o
                0x00000000802012b6                uiox_boot_printf
 .text.fdt_be32
                0x00000000802015fe       0x26 build/riscv64/uiox_boot_mem.o
 .text.uiox_boot_memset
                0x0000000080201624       0x16 build/riscv64/uiox_boot_mem.o
                0x0000000080201624                uiox_boot_memset
 .text.uiox_boot_memcpy
                0x000000008020163a       0x20 build/riscv64/uiox_boot_mem.o
                0x000000008020163a                uiox_boot_memcpy
 .text.uiox_boot_memcmp
                0x000000008020165a       0x2a build/riscv64/uiox_boot_mem.o
                0x000000008020165a                uiox_boot_memcmp
 .text.uiox_boot_strlen
                0x0000000080201684       0x16 build/riscv64/uiox_boot_mem.o
                0x0000000080201684                uiox_boot_strlen
 .text.uiox_boot_mem_probe
                0x000000008020169a      0x256 build/riscv64/uiox_boot_mem.o
                0x000000008020169a                uiox_boot_mem_probe
 .text.uiox_boot_mem_print
                0x00000000802018f0       0x92 build/riscv64/uiox_boot_mem.o
                0x00000000802018f0                uiox_boot_mem_print
 .text.uiox_boot_mem_alloc_init
                0x0000000080201982       0x60 build/riscv64/uiox_boot_mem.o
                0x0000000080201982                uiox_boot_mem_alloc_init
 .text.uiox_boot_mem_alloc
                0x00000000802019e2       0x40 build/riscv64/uiox_boot_mem.o
                0x00000000802019e2                uiox_boot_mem_alloc
 .text.fat32_read_fat
                0x0000000080201a22       0x60 build/riscv64/uiox_boot_fs.o
 .text.uiox_boot_fs_init
                0x0000000080201a82       0xf6 build/riscv64/uiox_boot_fs.o
                0x0000000080201a82                uiox_boot_fs_init
 .text.uiox_boot_fs_load
                0x0000000080201b78      0x27e build/riscv64/uiox_boot_fs.o
                0x0000000080201b78                uiox_boot_fs_load
 .text.sha256_transform
                0x0000000080201df6      0x1e2 build/riscv64/uiox_boot_verify.o
 .text.uiox_sha256_init
                0x0000000080201fd8       0x32 build/riscv64/uiox_boot_verify.o
                0x0000000080201fd8                uiox_sha256_init
 .text.uiox_sha256_update
                0x000000008020200a       0x72 build/riscv64/uiox_boot_verify.o
                0x000000008020200a                uiox_sha256_update
 .text.uiox_sha256_final
                0x000000008020207c       0xc6 build/riscv64/uiox_boot_verify.o
                0x000000008020207c                uiox_sha256_final
 .text.uiox_sha256
                0x0000000080202142       0x3c build/riscv64/uiox_boot_verify.o
                0x0000000080202142                uiox_sha256
 .text.uiox_boot_verify_image
                0x000000008020217e       0xc0 build/riscv64/uiox_boot_verify.o
                0x000000008020217e                uiox_boot_verify_image
 .text.uiox_boot_elf64_load
                0x000000008020223e      0x3bc build/riscv64/uiox_boot_handoff.o
                0x000000008020223e                uiox_boot_elf64_load
 .text.uiox_boot_flat_load
                0x00000000802025fa       0x66 build/riscv64/uiox_boot_handoff.o
                0x00000000802025fa                uiox_boot_flat_load
 .text.uiox_boot_handoff
                0x0000000080202660       0xc6 build/riscv64/uiox_boot_handoff.o
                0x0000000080202660                uiox_boot_handoff
 .text.sim_blk_read
                0x0000000080202726        0x4 build/riscv64/uiox_boot_main.o
 .text.uiox_boot_main
                0x000000008020272a      0x3bc build/riscv64/uiox_boot_main.o
                0x000000008020272a                uiox_boot_main
 *(.gnu.linkonce.t*)

.rodata         0x0000000080203000      0x800
 *(.rodata*)
 .rodata.riscv64_ops
                0x0000000080203000       0x40 build/riscv64/arch/riscv64/uiox_boot_hw_riscv64.o
 .rodata.uiox_boot_printf.str1.8
                0x0000000080203040      0x65d build/riscv64/uiox_boot_console.o
                                          0xb (size before relaxing)
 *fill*         0x000000008020369d        0x3 
 .rodata.s_hex_up
                0x00000000802036a0       0x11 build/riscv64/uiox_boot_console.o
 *fill*         0x00000000802036b1        0x7 
 .rodata.s_hex_lo
                0x00000000802036b8       0x11 build/riscv64/uiox_boot_console.o
 .rodata.uiox_boot_mem_print.str1.8
                0x00000000802036c9        0x0 build/riscv64/uiox_boot_mem.o
                                         0x59 (size before relaxing)
 .rodata.str1.8
                0x00000000802036c9        0x0 build/riscv64/uiox_boot_mem.o
                                         0x3c (size before relaxing)
 *fill*         0x00000000802036c9        0x7 
 .rodata.type_names.0
                0x00000000802036d0       0x30 build/riscv64/uiox_boot_mem.o
 .rodata.uiox_boot_verify_image.str1.8
                0x0000000080203700        0x0 build/riscv64/uiox_boot_verify.o
                                        0x104 (size before relaxing)
 .rodata.K      0x0000000080203700      0x100 build/riscv64/uiox_boot_verify.o
 .rodata.uiox_boot_elf64_load.str1.8
                0x0000000080203800        0x0 build/riscv64/uiox_boot_handoff.o
                                         0x61 (size before relaxing)
 .rodata.uiox_boot_flat_load.str1.8
                0x0000000080203800        0x0 build/riscv64/uiox_boot_handoff.o
                                         0x26 (size before relaxing)
 .rodata.uiox_boot_handoff.str1.8
                0x0000000080203800        0x0 build/riscv64/uiox_boot_handoff.o
                                         0x4d (size before relaxing)
 .rodata.uiox_boot_main.str1.8
                0x0000000080203800        0x0 build/riscv64/uiox_boot_main.o
                                        0x3bd (size before relaxing)
 *(.gnu.linkonce.r*)

.srodata.cst8   0x0000000080203800       0x28
 .srodata.cst8  0x0000000080203800       0x28 build/riscv64/uiox_boot_verify.o
                                         0x20 (size before relaxing)
 .srodata.cst8  0x0000000080203828        0x0 build/riscv64/uiox_boot_handoff.o
                                          0x8 (size before relaxing)

.rela.dyn       0x0000000080203828        0x0
 .rela.boot     0x0000000080203828        0x0 build/riscv64/arch/riscv64/uiox_boot_entry_riscv64.o

.data
 *(.data*)
 *(.gnu.linkonce.d*)
 *(.sdata*)
 *(.gnu.linkonce.s*)
                0x0000000080203828                . = ALIGN (0x8)
                0x0000000080203828                __bss_start = .

.bss            0x0000000080203828        0x8
 *(.bss*)
 *(.sbss*)
 .sbss.s_ops    0x0000000080203828        0x8 build/riscv64/uiox_boot_hw.o
 *(COMMON)
 *(.gnu.linkonce.b*)

.bss.stack
 *(.bss.stack)
                0x0000000080203830                __bss_end = ALIGN (0x8)
                0x0000000080203830                _boot_stack_top = __bss_end
                0x0000000080203830                _boot_image_end = .

/DISCARD/
 *(.comment)
 *(.note*)
 *(.riscv.attributes)
OUTPUT(build/riscv64/uiox_boot_riscv64.elf elf64-littleriscv)

.debug_line     0x0000000000000000     0x388c
 .debug_line    0x0000000000000000       0xae build/riscv64/arch/riscv64/uiox_boot_entry_riscv64.o
 .debug_line    0x00000000000000ae      0x3f5 build/riscv64/arch/riscv64/uiox_boot_hw_riscv64.o
 .debug_line    0x00000000000004a3      0x308 build/riscv64/uiox_boot_hw.o
 .debug_line    0x00000000000007ab      0xd62 build/riscv64/uiox_boot_console.o
 .debug_line    0x000000000000150d      0x96a build/riscv64/uiox_boot_mem.o
 .debug_line    0x0000000000001e77      0x79b build/riscv64/uiox_boot_fs.o
 .debug_line    0x0000000000002612      0x857 build/riscv64/uiox_boot_verify.o
 .debug_line    0x0000000000002e69      0x4df build/riscv64/uiox_boot_handoff.o
 .debug_line    0x0000000000003348      0x544 build/riscv64/uiox_boot_main.o

.debug_line_str
                0x0000000000000000      0x199
 .debug_line_str
                0x0000000000000000      0x199 build/riscv64/arch/riscv64/uiox_boot_entry_riscv64.o
                                         0x54 (size before relaxing)
 .debug_line_str
                0x0000000000000199        0x0 build/riscv64/arch/riscv64/uiox_boot_hw_riscv64.o
                                         0xa2 (size before relaxing)
 .debug_line_str
                0x0000000000000199        0x0 build/riscv64/uiox_boot_hw.o
                                         0x78 (size before relaxing)
 .debug_line_str
                0x0000000000000199        0x0 build/riscv64/uiox_boot_console.o
                                         0x82 (size before relaxing)
 .debug_line_str
                0x0000000000000199        0x0 build/riscv64/uiox_boot_mem.o
                                         0x8f (size before relaxing)
 .debug_line_str
                0x0000000000000199        0x0 build/riscv64/uiox_boot_fs.o
                                         0x88 (size before relaxing)
 .debug_line_str
                0x0000000000000199        0x0 build/riscv64/uiox_boot_verify.o
                                         0xa8 (size before relaxing)
 .debug_line_str
                0x0000000000000199        0x0 build/riscv64/uiox_boot_handoff.o
                                         0xba (size before relaxing)
 .debug_line_str
                0x0000000000000199        0x0 build/riscv64/uiox_boot_main.o
                                         0xc7 (size before relaxing)

.debug_info     0x0000000000000000     0x5272
 .debug_info    0x0000000000000000       0x39 build/riscv64/arch/riscv64/uiox_boot_entry_riscv64.o
 .debug_info    0x0000000000000039      0x6c2 build/riscv64/arch/riscv64/uiox_boot_hw_riscv64.o
 .debug_info    0x00000000000006fb      0x336 build/riscv64/uiox_boot_hw.o
 .debug_info    0x0000000000000a31      0xfc8 build/riscv64/uiox_boot_console.o
 .debug_info    0x00000000000019f9      0xb85 build/riscv64/uiox_boot_mem.o
 .debug_info    0x000000000000257e      0xa5c build/riscv64/uiox_boot_fs.o
 .debug_info    0x0000000000002fda      0x7f4 build/riscv64/uiox_boot_verify.o
 .debug_info    0x00000000000037ce      0xa87 build/riscv64/uiox_boot_handoff.o
 .debug_info    0x0000000000004255     0x101d build/riscv64/uiox_boot_main.o

.debug_abbrev   0x0000000000000000     0x156b
 .debug_abbrev  0x0000000000000000       0x28 build/riscv64/arch/riscv64/uiox_boot_entry_riscv64.o
 .debug_abbrev  0x0000000000000028      0x2b3 build/riscv64/arch/riscv64/uiox_boot_hw_riscv64.o
 .debug_abbrev  0x00000000000002db      0x195 build/riscv64/uiox_boot_hw.o
 .debug_abbrev  0x0000000000000470      0x3bc build/riscv64/uiox_boot_console.o
 .debug_abbrev  0x000000000000082c      0x34c build/riscv64/uiox_boot_mem.o
 .debug_abbrev  0x0000000000000b78      0x291 build/riscv64/uiox_boot_fs.o
 .debug_abbrev  0x0000000000000e09      0x242 build/riscv64/uiox_boot_verify.o
 .debug_abbrev  0x000000000000104b      0x29e build/riscv64/uiox_boot_handoff.o
 .debug_abbrev  0x00000000000012e9      0x282 build/riscv64/uiox_boot_main.o

.debug_aranges  0x0000000000000000      0x470
 .debug_aranges
                0x0000000000000000       0x30 build/riscv64/arch/riscv64/uiox_boot_entry_riscv64.o
 .debug_aranges
                0x0000000000000030       0xb0 build/riscv64/arch/riscv64/uiox_boot_hw_riscv64.o
 .debug_aranges
                0x00000000000000e0       0xc0 build/riscv64/uiox_boot_hw.o
 .debug_aranges
                0x00000000000001a0       0xb0 build/riscv64/uiox_boot_console.o
 .debug_aranges
                0x0000000000000250       0xb0 build/riscv64/uiox_boot_mem.o
 .debug_aranges
                0x0000000000000300       0x50 build/riscv64/uiox_boot_fs.o
 .debug_aranges
                0x0000000000000350       0x80 build/riscv64/uiox_boot_verify.o
 .debug_aranges
                0x00000000000003d0       0x60 build/riscv64/uiox_boot_handoff.o
 .debug_aranges
                0x0000000000000430       0x40 build/riscv64/uiox_boot_main.o

.debug_str      0x0000000000000000      0xda6
 .debug_str     0x0000000000000000      0xda6 build/riscv64/arch/riscv64/uiox_boot_entry_riscv64.o
                                         0x69 (size before relaxing)
 .debug_str     0x0000000000000da6        0x0 build/riscv64/arch/riscv64/uiox_boot_hw_riscv64.o
                                        0x2f4 (size before relaxing)
 .debug_str     0x0000000000000da6        0x0 build/riscv64/uiox_boot_hw.o
                                        0x2ce (size before relaxing)
 .debug_str     0x0000000000000da6        0x0 build/riscv64/uiox_boot_console.o
                                        0x2aa (size before relaxing)
 .debug_str     0x0000000000000da6        0x0 build/riscv64/uiox_boot_mem.o
                                        0x547 (size before relaxing)
 .debug_str     0x0000000000000da6        0x0 build/riscv64/uiox_boot_fs.o
                                        0x51b (size before relaxing)
 .debug_str     0x0000000000000da6        0x0 build/riscv64/uiox_boot_verify.o
                                        0x3fb (size before relaxing)
 .debug_str     0x0000000000000da6        0x0 build/riscv64/uiox_boot_handoff.o
                                        0x601 (size before relaxing)
 .debug_str     0x0000000000000da6        0x0 build/riscv64/uiox_boot_main.o
                                        0x7ba (size before relaxing)

.debug_loclists
                0x0000000000000000     0x2937
 .debug_loclists
                0x0000000000000000      0x1f0 build/riscv64/arch/riscv64/uiox_boot_hw_riscv64.o
 .debug_loclists
                0x00000000000001f0       0xb6 build/riscv64/uiox_boot_hw.o
 .debug_loclists
                0x00000000000002a6      0xbaf build/riscv64/uiox_boot_console.o
 .debug_loclists
                0x0000000000000e55      0x69a build/riscv64/uiox_boot_mem.o
 .debug_loclists
                0x00000000000014ef      0x5f5 build/riscv64/uiox_boot_fs.o
 .debug_loclists
                0x0000000000001ae4      0x806 build/riscv64/uiox_boot_verify.o
 .debug_loclists
                0x00000000000022ea      0x395 build/riscv64/uiox_boot_handoff.o
 .debug_loclists
                0x000000000000267f      0x2b8 build/riscv64/uiox_boot_main.o

.debug_rnglists
                0x0000000000000000      0x6c2
 .debug_rnglists
                0x0000000000000000       0xca build/riscv64/arch/riscv64/uiox_boot_hw_riscv64.o
 .debug_rnglists
                0x00000000000000ca       0x71 build/riscv64/uiox_boot_hw.o
 .debug_rnglists
                0x000000000000013b      0x1e8 build/riscv64/uiox_boot_console.o
 .debug_rnglists
                0x0000000000000323      0x110 build/riscv64/uiox_boot_mem.o
 .debug_rnglists
                0x0000000000000433      0x12a build/riscv64/uiox_boot_fs.o
 .debug_rnglists
                0x000000000000055d       0x95 build/riscv64/uiox_boot_verify.o
 .debug_rnglists
                0x00000000000005f2       0x88 build/riscv64/uiox_boot_handoff.o
 .debug_rnglists
                0x000000000000067a       0x48 build/riscv64/uiox_boot_main.o

.debug_frame    0x0000000000000000      0x858
 .debug_frame   0x0000000000000000       0xe8 build/riscv64/arch/riscv64/uiox_boot_hw_riscv64.o
 .debug_frame   0x00000000000000e8      0x110 build/riscv64/uiox_boot_hw.o
 .debug_frame   0x00000000000001f8      0x1a0 build/riscv64/uiox_boot_console.o
 .debug_frame   0x0000000000000398      0x170 build/riscv64/uiox_boot_mem.o
 .debug_frame   0x0000000000000508       0xe0 build/riscv64/uiox_boot_fs.o
 .debug_frame   0x00000000000005e8      0x140 build/riscv64/uiox_boot_verify.o
 .debug_frame   0x0000000000000728       0xd8 build/riscv64/uiox_boot_handoff.o
 .debug_frame   0x0000000000000800       0x58 build/riscv64/uiox_boot_main.o
