
Merging object attributes


Discarded input sections

 .text          0x00000000        0x0 /Users/pramodkumar/Hack/WS/UIOX/10_BSP/build/arm32/uiox_bsp_main.o
 .data          0x00000000        0x0 /Users/pramodkumar/Hack/WS/UIOX/10_BSP/build/arm32/uiox_bsp_main.o
 .bss           0x00000000        0x0 /Users/pramodkumar/Hack/WS/UIOX/10_BSP/build/arm32/uiox_bsp_main.o
 .text.memcpy   0x00000000       0x1c /Users/pramodkumar/Hack/WS/UIOX/10_BSP/build/arm32/uiox_bsp_main.o
 .text.uiox_bsp_init
                0x00000000       0xec /Users/pramodkumar/Hack/WS/UIOX/10_BSP/build/arm32/uiox_bsp_main.o
 .rodata.uiox_bsp_late_init.str1.1
                0x00000000       0x2e /Users/pramodkumar/Hack/WS/UIOX/10_BSP/build/arm32/uiox_bsp_main.o
 .text.uiox_bsp_late_init
                0x00000000       0x18 /Users/pramodkumar/Hack/WS/UIOX/10_BSP/build/arm32/uiox_bsp_main.o
 .text.uiox_bsp_get_config
                0x00000000       0x20 /Users/pramodkumar/Hack/WS/UIOX/10_BSP/build/arm32/uiox_bsp_main.o
 .comment       0x00000000       0x13 /Users/pramodkumar/Hack/WS/UIOX/10_BSP/build/arm32/uiox_bsp_main.o
 .text          0x00000000        0x0 /Users/pramodkumar/Hack/WS/UIOX/10_BSP/build/arm32/uiox_bsp_stubs.o
 .data          0x00000000        0x0 /Users/pramodkumar/Hack/WS/UIOX/10_BSP/build/arm32/uiox_bsp_stubs.o
 .bss           0x00000000        0x0 /Users/pramodkumar/Hack/WS/UIOX/10_BSP/build/arm32/uiox_bsp_stubs.o
 .text.timer_irq_handler
                0x00000000        0x4 /Users/pramodkumar/Hack/WS/UIOX/10_BSP/build/arm32/uiox_bsp_stubs.o
 .text.uart_irq_handler
                0x00000000        0x4 /Users/pramodkumar/Hack/WS/UIOX/10_BSP/build/arm32/uiox_bsp_stubs.o
 .comment       0x00000000       0x13 /Users/pramodkumar/Hack/WS/UIOX/10_BSP/build/arm32/uiox_bsp_stubs.o
 .text          0x00000000        0x0 /Users/pramodkumar/Hack/WS/UIOX/10_BSP/build/arm32/arch_init.o
 .data          0x00000000        0x0 /Users/pramodkumar/Hack/WS/UIOX/10_BSP/build/arm32/arch_init.o
 .bss           0x00000000        0x0 /Users/pramodkumar/Hack/WS/UIOX/10_BSP/build/arm32/arch_init.o
 .rodata.arch_fini.str1.1
                0x00000000       0x30 /Users/pramodkumar/Hack/WS/UIOX/10_BSP/build/arm32/arch_init.o
 .text.arch_fini
                0x00000000       0x28 /Users/pramodkumar/Hack/WS/UIOX/10_BSP/build/arm32/arch_init.o
 .comment       0x00000000       0x13 /Users/pramodkumar/Hack/WS/UIOX/10_BSP/build/arm32/arch_init.o
 .text          0x00000000        0x0 /Users/pramodkumar/Hack/WS/UIOX/10_BSP/build/arm32/arch_runtime.o
 .data          0x00000000        0x0 /Users/pramodkumar/Hack/WS/UIOX/10_BSP/build/arm32/arch_runtime.o
 .bss           0x00000000        0x0 /Users/pramodkumar/Hack/WS/UIOX/10_BSP/build/arm32/arch_runtime.o
 .text.arch_irq_save
                0x00000000        0xc /Users/pramodkumar/Hack/WS/UIOX/10_BSP/build/arm32/arch_runtime.o
 .text.arch_irq_restore
                0x00000000        0x8 /Users/pramodkumar/Hack/WS/UIOX/10_BSP/build/arm32/arch_runtime.o
 .text.arch_tlb_flush
                0x00000000       0x14 /Users/pramodkumar/Hack/WS/UIOX/10_BSP/build/arm32/arch_runtime.o
 .text.arch_mmu_map
                0x00000000       0xc0 /Users/pramodkumar/Hack/WS/UIOX/10_BSP/build/arm32/arch_runtime.o
 .text.arch_mmu_unmap
                0x00000000       0x3c /Users/pramodkumar/Hack/WS/UIOX/10_BSP/build/arm32/arch_runtime.o
 .text.arch_tlb_flush_all
                0x00000000       0x18 /Users/pramodkumar/Hack/WS/UIOX/10_BSP/build/arm32/arch_runtime.o
 .text.arch_mmu_switch
                0x00000000       0x10 /Users/pramodkumar/Hack/WS/UIOX/10_BSP/build/arm32/arch_runtime.o
 .text.arch_atomic_add
                0x00000000       0x1c /Users/pramodkumar/Hack/WS/UIOX/10_BSP/build/arm32/arch_runtime.o
 .text.arch_atomic_sub
                0x00000000        0x8 /Users/pramodkumar/Hack/WS/UIOX/10_BSP/build/arm32/arch_runtime.o
 .text.arch_atomic_cas
                0x00000000       0x28 /Users/pramodkumar/Hack/WS/UIOX/10_BSP/build/arm32/arch_runtime.o
 .text.arch_atomic_load
                0x00000000        0xc /Users/pramodkumar/Hack/WS/UIOX/10_BSP/build/arm32/arch_runtime.o
 .text.arch_atomic_store
                0x00000000        0xc /Users/pramodkumar/Hack/WS/UIOX/10_BSP/build/arm32/arch_runtime.o
 .text.arch_spin_lock
                0x00000000       0x28 /Users/pramodkumar/Hack/WS/UIOX/10_BSP/build/arm32/arch_runtime.o
 .text.arch_spin_unlock
                0x00000000       0x14 /Users/pramodkumar/Hack/WS/UIOX/10_BSP/build/arm32/arch_runtime.o
 .text.arch_spin_trylock
                0x00000000       0x28 /Users/pramodkumar/Hack/WS/UIOX/10_BSP/build/arm32/arch_runtime.o
 .comment       0x00000000       0x13 /Users/pramodkumar/Hack/WS/UIOX/10_BSP/build/arm32/arch_runtime.o
 .text          0x00000000        0x0 /Users/pramodkumar/Hack/WS/UIOX/10_BSP/build/arm32/irq.o
 .data          0x00000000        0x0 /Users/pramodkumar/Hack/WS/UIOX/10_BSP/build/arm32/irq.o
 .bss           0x00000000        0x0 /Users/pramodkumar/Hack/WS/UIOX/10_BSP/build/arm32/irq.o
 .text.irq_free
                0x00000000       0x4c /Users/pramodkumar/Hack/WS/UIOX/10_BSP/build/arm32/irq.o
 .comment       0x00000000       0x13 /Users/pramodkumar/Hack/WS/UIOX/10_BSP/build/arm32/irq.o
 .text          0x00000000        0x0 /Users/pramodkumar/Hack/WS/UIOX/10_BSP/build/arm32/uiox_soc_main.o
 .data          0x00000000        0x0 /Users/pramodkumar/Hack/WS/UIOX/10_BSP/build/arm32/uiox_soc_main.o
 .bss           0x00000000        0x0 /Users/pramodkumar/Hack/WS/UIOX/10_BSP/build/arm32/uiox_soc_main.o
 .text.platform_cpu_on_cb
                0x00000000        0x4 /Users/pramodkumar/Hack/WS/UIOX/10_BSP/build/arm32/uiox_soc_main.o
 .text.soc_puthex
                0x00000000       0x80 /Users/pramodkumar/Hack/WS/UIOX/10_BSP/build/arm32/uiox_soc_main.o
 .text.platform_off_cb
                0x00000000        0x8 /Users/pramodkumar/Hack/WS/UIOX/10_BSP/build/arm32/uiox_soc_main.o
 .text.platform_reset_cb
                0x00000000        0x8 /Users/pramodkumar/Hack/WS/UIOX/10_BSP/build/arm32/uiox_soc_main.o
 .text.udiv32_soc.part.0
                0x00000000       0x44 /Users/pramodkumar/Hack/WS/UIOX/10_BSP/build/arm32/uiox_soc_main.o
 .text.soc_memset_main.constprop.0
                0x00000000       0x18 /Users/pramodkumar/Hack/WS/UIOX/10_BSP/build/arm32/uiox_soc_main.o
 .text.div64_u32_soc.constprop.0
                0x00000000       0x6c /Users/pramodkumar/Hack/WS/UIOX/10_BSP/build/arm32/uiox_soc_main.o
 .text.soc_putdec_u64
                0x00000000      0x13c /Users/pramodkumar/Hack/WS/UIOX/10_BSP/build/arm32/uiox_soc_main.o
 .text.uiox_soc_putc
                0x00000000       0x24 /Users/pramodkumar/Hack/WS/UIOX/10_BSP/build/arm32/uiox_soc_main.o
 .text.uiox_soc_puts.part.0
                0x00000000       0x1c /Users/pramodkumar/Hack/WS/UIOX/10_BSP/build/arm32/uiox_soc_main.o
 .text.uiox_soc_puts
                0x00000000        0xc /Users/pramodkumar/Hack/WS/UIOX/10_BSP/build/arm32/uiox_soc_main.o
 .rodata.uiox_soc_printf.str1.1
                0x00000000        0xa /Users/pramodkumar/Hack/WS/UIOX/10_BSP/build/arm32/uiox_soc_main.o
 .text.uiox_soc_printf
                0x00000000      0x28c /Users/pramodkumar/Hack/WS/UIOX/10_BSP/build/arm32/uiox_soc_main.o
 .rodata.uiox_soc_printf
                0x00000000        0x9 /Users/pramodkumar/Hack/WS/UIOX/10_BSP/build/arm32/uiox_soc_main.o
 .rodata.uiox_soc_main.str1.1
                0x00000000      0x389 /Users/pramodkumar/Hack/WS/UIOX/10_BSP/build/arm32/uiox_soc_main.o
 .text.uiox_soc_main
                0x00000000      0x424 /Users/pramodkumar/Hack/WS/UIOX/10_BSP/build/arm32/uiox_soc_main.o
 .rodata.h.0    0x00000000       0x11 /Users/pramodkumar/Hack/WS/UIOX/10_BSP/build/arm32/uiox_soc_main.o
 .bss.s_ramdisk
                0x00000000   0x100000 /Users/pramodkumar/Hack/WS/UIOX/10_BSP/build/arm32/uiox_soc_main.o
 .rodata.s_rot_hash
                0x00000000       0x20 /Users/pramodkumar/Hack/WS/UIOX/10_BSP/build/arm32/uiox_soc_main.o
 .bss.s_power   0x00000000       0x14 /Users/pramodkumar/Hack/WS/UIOX/10_BSP/build/arm32/uiox_soc_main.o
 .bss.s_mem_map
                0x00000000      0x510 /Users/pramodkumar/Hack/WS/UIOX/10_BSP/build/arm32/uiox_soc_main.o
 .bss.s_pcie    0x00000000      0xd40 /Users/pramodkumar/Hack/WS/UIOX/10_BSP/build/arm32/uiox_soc_main.o
 .bss.s_dma     0x00000000       0x60 /Users/pramodkumar/Hack/WS/UIOX/10_BSP/build/arm32/uiox_soc_main.o
 .bss.s_secboot_report
                0x00000000       0xac /Users/pramodkumar/Hack/WS/UIOX/10_BSP/build/arm32/uiox_soc_main.o
 .bss.s_secboot_ctx
                0x00000000       0x30 /Users/pramodkumar/Hack/WS/UIOX/10_BSP/build/arm32/uiox_soc_main.o
 .bss.s_post_report
                0x00000000       0xa0 /Users/pramodkumar/Hack/WS/UIOX/10_BSP/build/arm32/uiox_soc_main.o
 .bss.s_psci_ctx
                0x00000000      0x170 /Users/pramodkumar/Hack/WS/UIOX/10_BSP/build/arm32/uiox_soc_main.o
 .bss.s_tz_report
                0x00000000       0xa8 /Users/pramodkumar/Hack/WS/UIOX/10_BSP/build/arm32/uiox_soc_main.o
 .debug_info    0x00000000     0x2b8d /Users/pramodkumar/Hack/WS/UIOX/10_BSP/build/arm32/uiox_soc_main.o
 .debug_abbrev  0x00000000      0x5fb /Users/pramodkumar/Hack/WS/UIOX/10_BSP/build/arm32/uiox_soc_main.o
 .debug_loclists
                0x00000000      0x960 /Users/pramodkumar/Hack/WS/UIOX/10_BSP/build/arm32/uiox_soc_main.o
 .debug_aranges
                0x00000000       0x80 /Users/pramodkumar/Hack/WS/UIOX/10_BSP/build/arm32/uiox_soc_main.o
 .debug_rnglists
                0x00000000       0xf7 /Users/pramodkumar/Hack/WS/UIOX/10_BSP/build/arm32/uiox_soc_main.o
 .debug_line    0x00000000      0xd91 /Users/pramodkumar/Hack/WS/UIOX/10_BSP/build/arm32/uiox_soc_main.o
 .debug_str     0x00000000     0x18b6 /Users/pramodkumar/Hack/WS/UIOX/10_BSP/build/arm32/uiox_soc_main.o
 .comment       0x00000000       0x13 /Users/pramodkumar/Hack/WS/UIOX/10_BSP/build/arm32/uiox_soc_main.o
 .debug_frame   0x00000000      0x1a0 /Users/pramodkumar/Hack/WS/UIOX/10_BSP/build/arm32/uiox_soc_main.o
 .ARM.attributes
                0x00000000       0x2f /Users/pramodkumar/Hack/WS/UIOX/10_BSP/build/arm32/uiox_soc_main.o
 .text          0x00000000        0x0 /Users/pramodkumar/Hack/WS/UIOX/10_BSP/build/arm32/uiox_soc_clk.o
 .data          0x00000000        0x0 /Users/pramodkumar/Hack/WS/UIOX/10_BSP/build/arm32/uiox_soc_clk.o
 .bss           0x00000000        0x0 /Users/pramodkumar/Hack/WS/UIOX/10_BSP/build/arm32/uiox_soc_clk.o
 .text.clock_set.part.0
                0x00000000       0x60 /Users/pramodkumar/Hack/WS/UIOX/10_BSP/build/arm32/uiox_soc_clk.o
 .rodata.uiox_soc_clock_init.str1.1
                0x00000000       0x7c /Users/pramodkumar/Hack/WS/UIOX/10_BSP/build/arm32/uiox_soc_clk.o
 .text.uiox_soc_clock_init
                0x00000000      0x19c /Users/pramodkumar/Hack/WS/UIOX/10_BSP/build/arm32/uiox_soc_clk.o
 .rodata.uiox_soc_clock_enable.str1.1
                0x00000000       0x22 /Users/pramodkumar/Hack/WS/UIOX/10_BSP/build/arm32/uiox_soc_clk.o
 .text.uiox_soc_clock_enable
                0x00000000       0x58 /Users/pramodkumar/Hack/WS/UIOX/10_BSP/build/arm32/uiox_soc_clk.o
 .rodata.uiox_soc_clock_disable.str1.1
                0x00000000       0x1b /Users/pramodkumar/Hack/WS/UIOX/10_BSP/build/arm32/uiox_soc_clk.o
 .text.uiox_soc_clock_disable
                0x00000000       0x64 /Users/pramodkumar/Hack/WS/UIOX/10_BSP/build/arm32/uiox_soc_clk.o
 .text.uiox_soc_clock_get_hz
                0x00000000       0x34 /Users/pramodkumar/Hack/WS/UIOX/10_BSP/build/arm32/uiox_soc_clk.o
 .rodata.uiox_soc_clock_set_hz.str1.1
                0x00000000       0x22 /Users/pramodkumar/Hack/WS/UIOX/10_BSP/build/arm32/uiox_soc_clk.o
 .text.uiox_soc_clock_set_hz
                0x00000000       0x68 /Users/pramodkumar/Hack/WS/UIOX/10_BSP/build/arm32/uiox_soc_clk.o
 .rodata.uiox_soc_clock_print.str1.1
                0x00000000       0x44 /Users/pramodkumar/Hack/WS/UIOX/10_BSP/build/arm32/uiox_soc_clk.o
 .text.uiox_soc_clock_print
                0x00000000       0x70 /Users/pramodkumar/Hack/WS/UIOX/10_BSP/build/arm32/uiox_soc_clk.o
 .rodata.uiox_soc_clk_init.str1.1
                0x00000000       0x2e /Users/pramodkumar/Hack/WS/UIOX/10_BSP/build/arm32/uiox_soc_clk.o
 .text.uiox_soc_clk_init
                0x00000000      0x108 /Users/pramodkumar/Hack/WS/UIOX/10_BSP/build/arm32/uiox_soc_clk.o
 .text.uiox_soc_clk_get_hz
                0x00000000       0x3c /Users/pramodkumar/Hack/WS/UIOX/10_BSP/build/arm32/uiox_soc_clk.o
 .text.uiox_soc_clk_enable
                0x00000000       0x4c /Users/pramodkumar/Hack/WS/UIOX/10_BSP/build/arm32/uiox_soc_clk.o
 .text.uiox_soc_clk_disable
                0x00000000       0x58 /Users/pramodkumar/Hack/WS/UIOX/10_BSP/build/arm32/uiox_soc_clk.o
 .rodata.uiox_soc_clk_print.str1.1
                0x00000000       0x6a /Users/pramodkumar/Hack/WS/UIOX/10_BSP/build/arm32/uiox_soc_clk.o
 .text.uiox_soc_clk_print
                0x00000000       0xfc /Users/pramodkumar/Hack/WS/UIOX/10_BSP/build/arm32/uiox_soc_clk.o
 .text.uiox_fw_clock_init
                0x00000000        0x4 /Users/pramodkumar/Hack/WS/UIOX/10_BSP/build/arm32/uiox_soc_clk.o
 .text.uiox_fw_clock_enable
                0x00000000        0x4 /Users/pramodkumar/Hack/WS/UIOX/10_BSP/build/arm32/uiox_soc_clk.o
 .text.uiox_fw_clock_disable
                0x00000000        0x4 /Users/pramodkumar/Hack/WS/UIOX/10_BSP/build/arm32/uiox_soc_clk.o
 .text.uiox_fw_clock_get_hz
                0x00000000        0x4 /Users/pramodkumar/Hack/WS/UIOX/10_BSP/build/arm32/uiox_soc_clk.o
 .text.uiox_fw_clock_set_hz
                0x00000000        0x4 /Users/pramodkumar/Hack/WS/UIOX/10_BSP/build/arm32/uiox_soc_clk.o
 .text.uiox_fw_clock_print
                0x00000000        0x4 /Users/pramodkumar/Hack/WS/UIOX/10_BSP/build/arm32/uiox_soc_clk.o
 .bss.s_clocks  0x00000000      0x1c0 /Users/pramodkumar/Hack/WS/UIOX/10_BSP/build/arm32/uiox_soc_clk.o
 .debug_info    0x00000000     0x127e /Users/pramodkumar/Hack/WS/UIOX/10_BSP/build/arm32/uiox_soc_clk.o
 .debug_abbrev  0x00000000      0x335 /Users/pramodkumar/Hack/WS/UIOX/10_BSP/build/arm32/uiox_soc_clk.o
 .debug_loclists
                0x00000000      0x772 /Users/pramodkumar/Hack/WS/UIOX/10_BSP/build/arm32/uiox_soc_clk.o
 .debug_aranges
                0x00000000       0xa8 /Users/pramodkumar/Hack/WS/UIOX/10_BSP/build/arm32/uiox_soc_clk.o
 .debug_rnglists
                0x00000000       0xa6 /Users/pramodkumar/Hack/WS/UIOX/10_BSP/build/arm32/uiox_soc_clk.o
 .debug_line    0x00000000      0x759 /Users/pramodkumar/Hack/WS/UIOX/10_BSP/build/arm32/uiox_soc_clk.o
 .debug_str     0x00000000      0x9e4 /Users/pramodkumar/Hack/WS/UIOX/10_BSP/build/arm32/uiox_soc_clk.o
 .comment       0x00000000       0x13 /Users/pramodkumar/Hack/WS/UIOX/10_BSP/build/arm32/uiox_soc_clk.o
 .debug_frame   0x00000000      0x1b0 /Users/pramodkumar/Hack/WS/UIOX/10_BSP/build/arm32/uiox_soc_clk.o
 .ARM.attributes
                0x00000000       0x2f /Users/pramodkumar/Hack/WS/UIOX/10_BSP/build/arm32/uiox_soc_clk.o
 .text          0x00000000        0x0 /Users/pramodkumar/Hack/WS/UIOX/10_BSP/build/arm32/uiox_soc_dma.o
 .data          0x00000000        0x0 /Users/pramodkumar/Hack/WS/UIOX/10_BSP/build/arm32/uiox_soc_dma.o
 .bss           0x00000000        0x0 /Users/pramodkumar/Hack/WS/UIOX/10_BSP/build/arm32/uiox_soc_dma.o
 .text.sw_dma_init
                0x00000000       0x18 /Users/pramodkumar/Hack/WS/UIOX/10_BSP/build/arm32/uiox_soc_dma.o
 .text.sw_dma_deinit
                0x00000000        0xc /Users/pramodkumar/Hack/WS/UIOX/10_BSP/build/arm32/uiox_soc_dma.o
 .text.sw_dma_transfer
                0x00000000      0x11c /Users/pramodkumar/Hack/WS/UIOX/10_BSP/build/arm32/uiox_soc_dma.o
 .text.sw_dma_busy
                0x00000000       0x14 /Users/pramodkumar/Hack/WS/UIOX/10_BSP/build/arm32/uiox_soc_dma.o
 .text.sw_dma_wait
                0x00000000        0x8 /Users/pramodkumar/Hack/WS/UIOX/10_BSP/build/arm32/uiox_soc_dma.o
 .text.sw_dma_abort
                0x00000000       0x14 /Users/pramodkumar/Hack/WS/UIOX/10_BSP/build/arm32/uiox_soc_dma.o
 .text.sw_dma_alloc_chan
                0x00000000       0x28 /Users/pramodkumar/Hack/WS/UIOX/10_BSP/build/arm32/uiox_soc_dma.o
 .text.sw_dma_free_chan
                0x00000000        0x4 /Users/pramodkumar/Hack/WS/UIOX/10_BSP/build/arm32/uiox_soc_dma.o
 .text.sw_dma_isr
                0x00000000        0x4 /Users/pramodkumar/Hack/WS/UIOX/10_BSP/build/arm32/uiox_soc_dma.o
 .text.uiox_soc_dma_init
                0x00000000       0x2c /Users/pramodkumar/Hack/WS/UIOX/10_BSP/build/arm32/uiox_soc_dma.o
 .text.uiox_soc_dma_deinit
                0x00000000       0x24 /Users/pramodkumar/Hack/WS/UIOX/10_BSP/build/arm32/uiox_soc_dma.o
 .text.uiox_soc_dma_transfer
                0x00000000       0x28 /Users/pramodkumar/Hack/WS/UIOX/10_BSP/build/arm32/uiox_soc_dma.o
 .text.uiox_soc_dma_busy
                0x00000000       0x24 /Users/pramodkumar/Hack/WS/UIOX/10_BSP/build/arm32/uiox_soc_dma.o
 .text.uiox_soc_dma_wait
                0x00000000       0x24 /Users/pramodkumar/Hack/WS/UIOX/10_BSP/build/arm32/uiox_soc_dma.o
 .text.uiox_soc_dma_abort
                0x00000000       0x1c /Users/pramodkumar/Hack/WS/UIOX/10_BSP/build/arm32/uiox_soc_dma.o
 .text.uiox_soc_dma_alloc_chan
                0x00000000       0x24 /Users/pramodkumar/Hack/WS/UIOX/10_BSP/build/arm32/uiox_soc_dma.o
 .text.uiox_soc_dma_free_chan
                0x00000000       0x1c /Users/pramodkumar/Hack/WS/UIOX/10_BSP/build/arm32/uiox_soc_dma.o
 .text.uiox_soc_dma_memcpy
                0x00000000       0x88 /Users/pramodkumar/Hack/WS/UIOX/10_BSP/build/arm32/uiox_soc_dma.o
 .rodata.sw_dma_ops
                0x00000000       0x24 /Users/pramodkumar/Hack/WS/UIOX/10_BSP/build/arm32/uiox_soc_dma.o
 .debug_info    0x00000000      0xad6 /Users/pramodkumar/Hack/WS/UIOX/10_BSP/build/arm32/uiox_soc_dma.o
 .debug_abbrev  0x00000000      0x25b /Users/pramodkumar/Hack/WS/UIOX/10_BSP/build/arm32/uiox_soc_dma.o
 .debug_loclists
                0x00000000      0x56a /Users/pramodkumar/Hack/WS/UIOX/10_BSP/build/arm32/uiox_soc_dma.o
 .debug_aranges
                0x00000000       0xa8 /Users/pramodkumar/Hack/WS/UIOX/10_BSP/build/arm32/uiox_soc_dma.o
 .debug_rnglists
                0x00000000       0xa0 /Users/pramodkumar/Hack/WS/UIOX/10_BSP/build/arm32/uiox_soc_dma.o
 .debug_line    0x00000000      0x5d9 /Users/pramodkumar/Hack/WS/UIOX/10_BSP/build/arm32/uiox_soc_dma.o
 .debug_str     0x00000000      0x64f /Users/pramodkumar/Hack/WS/UIOX/10_BSP/build/arm32/uiox_soc_dma.o
 .comment       0x00000000       0x13 /Users/pramodkumar/Hack/WS/UIOX/10_BSP/build/arm32/uiox_soc_dma.o
 .debug_frame   0x00000000      0x15c /Users/pramodkumar/Hack/WS/UIOX/10_BSP/build/arm32/uiox_soc_dma.o
 .ARM.attributes
                0x00000000       0x2f /Users/pramodkumar/Hack/WS/UIOX/10_BSP/build/arm32/uiox_soc_dma.o
 .text          0x00000000        0x0 /Users/pramodkumar/Hack/WS/UIOX/10_BSP/build/arm32/uiox_soc_hw.o
 .data          0x00000000        0x0 /Users/pramodkumar/Hack/WS/UIOX/10_BSP/build/arm32/uiox_soc_hw.o
 .bss           0x00000000        0x0 /Users/pramodkumar/Hack/WS/UIOX/10_BSP/build/arm32/uiox_soc_hw.o
 .text.uiox_soc_hw_register
                0x00000000       0x1c /Users/pramodkumar/Hack/WS/UIOX/10_BSP/build/arm32/uiox_soc_hw.o
 .text.uiox_soc_hw_barrier
                0x00000000       0x48 /Users/pramodkumar/Hack/WS/UIOX/10_BSP/build/arm32/uiox_soc_hw.o
 .text.uiox_soc_hw_ops
                0x00000000       0x10 /Users/pramodkumar/Hack/WS/UIOX/10_BSP/build/arm32/uiox_soc_hw.o
 .text.uiox_soc_hw_platform
                0x00000000       0x10 /Users/pramodkumar/Hack/WS/UIOX/10_BSP/build/arm32/uiox_soc_hw.o
 .text.uiox_soc_hw_init
                0x00000000       0x38 /Users/pramodkumar/Hack/WS/UIOX/10_BSP/build/arm32/uiox_soc_hw.o
 .text.uiox_soc_hw_irq_init
                0x00000000       0x30 /Users/pramodkumar/Hack/WS/UIOX/10_BSP/build/arm32/uiox_soc_hw.o
 .text.uiox_soc_hw_irq_enable
                0x00000000       0x24 /Users/pramodkumar/Hack/WS/UIOX/10_BSP/build/arm32/uiox_soc_hw.o
 .text.uiox_soc_hw_irq_disable
                0x00000000       0x24 /Users/pramodkumar/Hack/WS/UIOX/10_BSP/build/arm32/uiox_soc_hw.o
 .text.uiox_soc_hw_irq_ack
                0x00000000       0x24 /Users/pramodkumar/Hack/WS/UIOX/10_BSP/build/arm32/uiox_soc_hw.o
 .text.uiox_soc_hw_irq_global_en
                0x00000000       0x24 /Users/pramodkumar/Hack/WS/UIOX/10_BSP/build/arm32/uiox_soc_hw.o
 .text.uiox_soc_hw_irq_global_dis
                0x00000000       0x24 /Users/pramodkumar/Hack/WS/UIOX/10_BSP/build/arm32/uiox_soc_hw.o
 .text.uiox_soc_hw_cache_enable
                0x00000000       0x24 /Users/pramodkumar/Hack/WS/UIOX/10_BSP/build/arm32/uiox_soc_hw.o
 .text.uiox_soc_hw_cache_disable
                0x00000000       0x24 /Users/pramodkumar/Hack/WS/UIOX/10_BSP/build/arm32/uiox_soc_hw.o
 .text.uiox_soc_hw_tlb_flush
                0x00000000       0x24 /Users/pramodkumar/Hack/WS/UIOX/10_BSP/build/arm32/uiox_soc_hw.o
 .text.uiox_soc_hw_dsb
                0x00000000       0x24 /Users/pramodkumar/Hack/WS/UIOX/10_BSP/build/arm32/uiox_soc_hw.o
 .text.uiox_soc_hw_isb
                0x00000000       0x24 /Users/pramodkumar/Hack/WS/UIOX/10_BSP/build/arm32/uiox_soc_hw.o
 .text.uiox_soc_hw_tick
                0x00000000       0x30 /Users/pramodkumar/Hack/WS/UIOX/10_BSP/build/arm32/uiox_soc_hw.o
 .text.uiox_soc_hw_reset
                0x00000000       0x2c /Users/pramodkumar/Hack/WS/UIOX/10_BSP/build/arm32/uiox_soc_hw.o
 .text.uiox_soc_hw_shutdown
                0x00000000       0x2c /Users/pramodkumar/Hack/WS/UIOX/10_BSP/build/arm32/uiox_soc_hw.o
 .bss.s_plat    0x00000000        0x4 /Users/pramodkumar/Hack/WS/UIOX/10_BSP/build/arm32/uiox_soc_hw.o
 .comment       0x00000000       0x13 /Users/pramodkumar/Hack/WS/UIOX/10_BSP/build/arm32/uiox_soc_hw.o
 .text          0x00000000        0x0 /Users/pramodkumar/Hack/WS/UIOX/10_BSP/build/arm32/uiox_soc_irq.o
 .data          0x00000000        0x0 /Users/pramodkumar/Hack/WS/UIOX/10_BSP/build/arm32/uiox_soc_irq.o
 .bss           0x00000000        0x0 /Users/pramodkumar/Hack/WS/UIOX/10_BSP/build/arm32/uiox_soc_irq.o
 .rodata.uiox_soc_irq_init.str1.1
                0x00000000       0x2e /Users/pramodkumar/Hack/WS/UIOX/10_BSP/build/arm32/uiox_soc_irq.o
 .text.uiox_soc_irq_init
                0x00000000       0x5c /Users/pramodkumar/Hack/WS/UIOX/10_BSP/build/arm32/uiox_soc_irq.o
 .text.uiox_soc_irq_register
                0x00000000       0x50 /Users/pramodkumar/Hack/WS/UIOX/10_BSP/build/arm32/uiox_soc_irq.o
 .text.uiox_soc_irq_unregister
                0x00000000       0x3c /Users/pramodkumar/Hack/WS/UIOX/10_BSP/build/arm32/uiox_soc_irq.o
 .text.uiox_soc_irq_dispatch
                0x00000000        0x4 /Users/pramodkumar/Hack/WS/UIOX/10_BSP/build/arm32/uiox_soc_irq.o
 .text.uiox_soc_irq_fire
                0x00000000       0x48 /Users/pramodkumar/Hack/WS/UIOX/10_BSP/build/arm32/uiox_soc_irq.o
 .text.uiox_soc_irq_enable
                0x00000000       0x20 /Users/pramodkumar/Hack/WS/UIOX/10_BSP/build/arm32/uiox_soc_irq.o
 .text.uiox_soc_irq_disable
                0x00000000       0x20 /Users/pramodkumar/Hack/WS/UIOX/10_BSP/build/arm32/uiox_soc_irq.o
 .text.uiox_soc_irq_global_enable
                0x00000000        0x4 /Users/pramodkumar/Hack/WS/UIOX/10_BSP/build/arm32/uiox_soc_irq.o
 .text.uiox_soc_irq_global_disable
                0x00000000        0x4 /Users/pramodkumar/Hack/WS/UIOX/10_BSP/build/arm32/uiox_soc_irq.o
 .text.uiox_soc_irq_count
                0x00000000       0x1c /Users/pramodkumar/Hack/WS/UIOX/10_BSP/build/arm32/uiox_soc_irq.o
 .rodata.uiox_soc_irq_print.str1.1
                0x00000000       0x3c /Users/pramodkumar/Hack/WS/UIOX/10_BSP/build/arm32/uiox_soc_irq.o
 .text.uiox_soc_irq_print
                0x00000000       0x70 /Users/pramodkumar/Hack/WS/UIOX/10_BSP/build/arm32/uiox_soc_irq.o
 .bss.s_irq     0x00000000     0x1000 /Users/pramodkumar/Hack/WS/UIOX/10_BSP/build/arm32/uiox_soc_irq.o
 .debug_info    0x00000000      0x5c8 /Users/pramodkumar/Hack/WS/UIOX/10_BSP/build/arm32/uiox_soc_irq.o
 .debug_abbrev  0x00000000      0x1f0 /Users/pramodkumar/Hack/WS/UIOX/10_BSP/build/arm32/uiox_soc_irq.o
 .debug_loclists
                0x00000000      0x177 /Users/pramodkumar/Hack/WS/UIOX/10_BSP/build/arm32/uiox_soc_irq.o
 .debug_aranges
                0x00000000       0x70 /Users/pramodkumar/Hack/WS/UIOX/10_BSP/build/arm32/uiox_soc_irq.o
 .debug_rnglists
                0x00000000       0x67 /Users/pramodkumar/Hack/WS/UIOX/10_BSP/build/arm32/uiox_soc_irq.o
 .debug_line    0x00000000      0x374 /Users/pramodkumar/Hack/WS/UIOX/10_BSP/build/arm32/uiox_soc_irq.o
 .debug_str     0x00000000      0x7b4 /Users/pramodkumar/Hack/WS/UIOX/10_BSP/build/arm32/uiox_soc_irq.o
 .comment       0x00000000       0x13 /Users/pramodkumar/Hack/WS/UIOX/10_BSP/build/arm32/uiox_soc_irq.o
 .debug_frame   0x00000000       0xf4 /Users/pramodkumar/Hack/WS/UIOX/10_BSP/build/arm32/uiox_soc_irq.o
 .ARM.attributes
                0x00000000       0x2f /Users/pramodkumar/Hack/WS/UIOX/10_BSP/build/arm32/uiox_soc_irq.o
 .text          0x00000000        0x0 /Users/pramodkumar/Hack/WS/UIOX/10_BSP/build/arm32/uiox_soc_mem.o
 .data          0x00000000        0x0 /Users/pramodkumar/Hack/WS/UIOX/10_BSP/build/arm32/uiox_soc_mem.o
 .bss           0x00000000        0x0 /Users/pramodkumar/Hack/WS/UIOX/10_BSP/build/arm32/uiox_soc_mem.o
 .text.add_region
                0x00000000       0xa8 /Users/pramodkumar/Hack/WS/UIOX/10_BSP/build/arm32/uiox_soc_mem.o
 .text.uiox_soc_memset
                0x00000000       0x18 /Users/pramodkumar/Hack/WS/UIOX/10_BSP/build/arm32/uiox_soc_mem.o
 .text.uiox_soc_memcpy
                0x00000000       0x1c /Users/pramodkumar/Hack/WS/UIOX/10_BSP/build/arm32/uiox_soc_mem.o
 .text.uiox_soc_memcmp
                0x00000000       0x38 /Users/pramodkumar/Hack/WS/UIOX/10_BSP/build/arm32/uiox_soc_mem.o
 .text.uiox_soc_strlen
                0x00000000       0x20 /Users/pramodkumar/Hack/WS/UIOX/10_BSP/build/arm32/uiox_soc_mem.o
 .rodata.uiox_soc_mem_init.str1.1
                0x00000000       0x1b /Users/pramodkumar/Hack/WS/UIOX/10_BSP/build/arm32/uiox_soc_mem.o
 .text.uiox_soc_mem_init
                0x00000000      0x12c /Users/pramodkumar/Hack/WS/UIOX/10_BSP/build/arm32/uiox_soc_mem.o
 .rodata.uiox_soc_mem_print.str1.1
                0x00000000       0x51 /Users/pramodkumar/Hack/WS/UIOX/10_BSP/build/arm32/uiox_soc_mem.o
 .text.uiox_soc_mem_print
                0x00000000       0x98 /Users/pramodkumar/Hack/WS/UIOX/10_BSP/build/arm32/uiox_soc_mem.o
 .text.uiox_soc_mem_mmu_early
                0x00000000       0x18 /Users/pramodkumar/Hack/WS/UIOX/10_BSP/build/arm32/uiox_soc_mem.o
 .rodata.str1.1
                0x00000000       0x1b /Users/pramodkumar/Hack/WS/UIOX/10_BSP/build/arm32/uiox_soc_mem.o
 .rodata.type_name.0
                0x00000000       0x14 /Users/pramodkumar/Hack/WS/UIOX/10_BSP/build/arm32/uiox_soc_mem.o
 .debug_info    0x00000000      0x720 /Users/pramodkumar/Hack/WS/UIOX/10_BSP/build/arm32/uiox_soc_mem.o
 .debug_abbrev  0x00000000      0x236 /Users/pramodkumar/Hack/WS/UIOX/10_BSP/build/arm32/uiox_soc_mem.o
 .debug_loclists
                0x00000000      0x2d4 /Users/pramodkumar/Hack/WS/UIOX/10_BSP/build/arm32/uiox_soc_mem.o
 .debug_aranges
                0x00000000       0x58 /Users/pramodkumar/Hack/WS/UIOX/10_BSP/build/arm32/uiox_soc_mem.o
 .debug_rnglists
                0x00000000       0x62 /Users/pramodkumar/Hack/WS/UIOX/10_BSP/build/arm32/uiox_soc_mem.o
 .debug_line    0x00000000      0x3c3 /Users/pramodkumar/Hack/WS/UIOX/10_BSP/build/arm32/uiox_soc_mem.o
 .debug_str     0x00000000      0x4f5 /Users/pramodkumar/Hack/WS/UIOX/10_BSP/build/arm32/uiox_soc_mem.o
 .comment       0x00000000       0x13 /Users/pramodkumar/Hack/WS/UIOX/10_BSP/build/arm32/uiox_soc_mem.o
 .debug_frame   0x00000000       0xd4 /Users/pramodkumar/Hack/WS/UIOX/10_BSP/build/arm32/uiox_soc_mem.o
 .ARM.attributes
                0x00000000       0x2f /Users/pramodkumar/Hack/WS/UIOX/10_BSP/build/arm32/uiox_soc_mem.o
 .text          0x00000000        0x0 /Users/pramodkumar/Hack/WS/UIOX/10_BSP/build/arm32/uiox_soc_pcie.o
 .data          0x00000000        0x0 /Users/pramodkumar/Hack/WS/UIOX/10_BSP/build/arm32/uiox_soc_pcie.o
 .bss           0x00000000        0x0 /Users/pramodkumar/Hack/WS/UIOX/10_BSP/build/arm32/uiox_soc_pcie.o
 .text.uiox_soc_pcie_cfg_read32
                0x00000000       0x1c /Users/pramodkumar/Hack/WS/UIOX/10_BSP/build/arm32/uiox_soc_pcie.o
 .text.uiox_soc_pcie_cfg_read16
                0x00000000       0x1c /Users/pramodkumar/Hack/WS/UIOX/10_BSP/build/arm32/uiox_soc_pcie.o
 .text.uiox_soc_pcie_cfg_write32
                0x00000000       0x20 /Users/pramodkumar/Hack/WS/UIOX/10_BSP/build/arm32/uiox_soc_pcie.o
 .text.uiox_soc_pcie_init
                0x00000000       0x80 /Users/pramodkumar/Hack/WS/UIOX/10_BSP/build/arm32/uiox_soc_pcie.o
 .text.uiox_soc_pcie_scan
                0x00000000      0x190 /Users/pramodkumar/Hack/WS/UIOX/10_BSP/build/arm32/uiox_soc_pcie.o
 .text.uiox_soc_pcie_assign_bars
                0x00000000      0x134 /Users/pramodkumar/Hack/WS/UIOX/10_BSP/build/arm32/uiox_soc_pcie.o
 .text.uiox_soc_pcie_enable_dev
                0x00000000       0x44 /Users/pramodkumar/Hack/WS/UIOX/10_BSP/build/arm32/uiox_soc_pcie.o
 .text.uiox_soc_pcie_find_class
                0x00000000       0x50 /Users/pramodkumar/Hack/WS/UIOX/10_BSP/build/arm32/uiox_soc_pcie.o
 .debug_info    0x00000000      0x8dd /Users/pramodkumar/Hack/WS/UIOX/10_BSP/build/arm32/uiox_soc_pcie.o
 .debug_abbrev  0x00000000      0x1ed /Users/pramodkumar/Hack/WS/UIOX/10_BSP/build/arm32/uiox_soc_pcie.o
 .debug_loclists
                0x00000000      0x4f2 /Users/pramodkumar/Hack/WS/UIOX/10_BSP/build/arm32/uiox_soc_pcie.o
 .debug_aranges
                0x00000000       0x58 /Users/pramodkumar/Hack/WS/UIOX/10_BSP/build/arm32/uiox_soc_pcie.o
 .debug_rnglists
                0x00000000       0x68 /Users/pramodkumar/Hack/WS/UIOX/10_BSP/build/arm32/uiox_soc_pcie.o
 .debug_line    0x00000000      0x4f7 /Users/pramodkumar/Hack/WS/UIOX/10_BSP/build/arm32/uiox_soc_pcie.o
 .debug_str     0x00000000      0x53b /Users/pramodkumar/Hack/WS/UIOX/10_BSP/build/arm32/uiox_soc_pcie.o
 .comment       0x00000000       0x13 /Users/pramodkumar/Hack/WS/UIOX/10_BSP/build/arm32/uiox_soc_pcie.o
 .debug_frame   0x00000000       0xf0 /Users/pramodkumar/Hack/WS/UIOX/10_BSP/build/arm32/uiox_soc_pcie.o
 .ARM.attributes
                0x00000000       0x2f /Users/pramodkumar/Hack/WS/UIOX/10_BSP/build/arm32/uiox_soc_pcie.o
 .text          0x00000000        0x0 /Users/pramodkumar/Hack/WS/UIOX/10_BSP/build/arm32/uiox_soc_post.o
 .data          0x00000000        0x0 /Users/pramodkumar/Hack/WS/UIOX/10_BSP/build/arm32/uiox_soc_post.o
 .bss           0x00000000        0x0 /Users/pramodkumar/Hack/WS/UIOX/10_BSP/build/arm32/uiox_soc_post.o
 .text.soc_puts_post
                0x00000000       0x54 /Users/pramodkumar/Hack/WS/UIOX/10_BSP/build/arm32/uiox_soc_post.o
 .text.soc_print_u64_post
                0x00000000       0xc8 /Users/pramodkumar/Hack/WS/UIOX/10_BSP/build/arm32/uiox_soc_post.o
 .text.soc_strncpy_post.constprop.0
                0x00000000       0x2c /Users/pramodkumar/Hack/WS/UIOX/10_BSP/build/arm32/uiox_soc_post.o
 .text.uiox_soc_post_stack_mark
                0x00000000        0xc /Users/pramodkumar/Hack/WS/UIOX/10_BSP/build/arm32/uiox_soc_post.o
 .rodata.uiox_soc_post_print.str1.1
                0x00000000       0xae /Users/pramodkumar/Hack/WS/UIOX/10_BSP/build/arm32/uiox_soc_post.o
 .text.uiox_soc_post_print
                0x00000000      0x16c /Users/pramodkumar/Hack/WS/UIOX/10_BSP/build/arm32/uiox_soc_post.o
 .text.uiox_soc_crc32
                0x00000000       0x54 /Users/pramodkumar/Hack/WS/UIOX/10_BSP/build/arm32/uiox_soc_post.o
 .rodata.uiox_soc_post_run.str1.1
                0x00000000       0x58 /Users/pramodkumar/Hack/WS/UIOX/10_BSP/build/arm32/uiox_soc_post.o
 .text.uiox_soc_post_run
                0x00000000      0x2a8 /Users/pramodkumar/Hack/WS/UIOX/10_BSP/build/arm32/uiox_soc_post.o
 .rodata.h.0    0x00000000       0x11 /Users/pramodkumar/Hack/WS/UIOX/10_BSP/build/arm32/uiox_soc_post.o
 .rodata.patterns.1
                0x00000000       0x14 /Users/pramodkumar/Hack/WS/UIOX/10_BSP/build/arm32/uiox_soc_post.o
 .debug_info    0x00000000      0xfd7 /Users/pramodkumar/Hack/WS/UIOX/10_BSP/build/arm32/uiox_soc_post.o
 .debug_abbrev  0x00000000      0x402 /Users/pramodkumar/Hack/WS/UIOX/10_BSP/build/arm32/uiox_soc_post.o
 .debug_loclists
                0x00000000      0x50c /Users/pramodkumar/Hack/WS/UIOX/10_BSP/build/arm32/uiox_soc_post.o
 .debug_aranges
                0x00000000       0x50 /Users/pramodkumar/Hack/WS/UIOX/10_BSP/build/arm32/uiox_soc_post.o
 .debug_rnglists
                0x00000000      0x138 /Users/pramodkumar/Hack/WS/UIOX/10_BSP/build/arm32/uiox_soc_post.o
 .debug_line    0x00000000      0x7d3 /Users/pramodkumar/Hack/WS/UIOX/10_BSP/build/arm32/uiox_soc_post.o
 .debug_str     0x00000000      0x823 /Users/pramodkumar/Hack/WS/UIOX/10_BSP/build/arm32/uiox_soc_post.o
 .comment       0x00000000       0x13 /Users/pramodkumar/Hack/WS/UIOX/10_BSP/build/arm32/uiox_soc_post.o
 .debug_frame   0x00000000       0xe8 /Users/pramodkumar/Hack/WS/UIOX/10_BSP/build/arm32/uiox_soc_post.o
 .ARM.attributes
                0x00000000       0x2f /Users/pramodkumar/Hack/WS/UIOX/10_BSP/build/arm32/uiox_soc_post.o
 .text          0x00000000        0x0 /Users/pramodkumar/Hack/WS/UIOX/10_BSP/build/arm32/uiox_soc_power.o
 .data          0x00000000        0x0 /Users/pramodkumar/Hack/WS/UIOX/10_BSP/build/arm32/uiox_soc_power.o
 .bss           0x00000000        0x0 /Users/pramodkumar/Hack/WS/UIOX/10_BSP/build/arm32/uiox_soc_power.o
 .rodata.uiox_soc_power_init.str1.1
                0x00000000       0x31 /Users/pramodkumar/Hack/WS/UIOX/10_BSP/build/arm32/uiox_soc_power.o
 .text.uiox_soc_power_init
                0x00000000       0x64 /Users/pramodkumar/Hack/WS/UIOX/10_BSP/build/arm32/uiox_soc_power.o
 .text.uiox_soc_power_idle
                0x00000000        0x8 /Users/pramodkumar/Hack/WS/UIOX/10_BSP/build/arm32/uiox_soc_power.o
 .text.uiox_soc_power_cpu_on
                0x00000000       0x24 /Users/pramodkumar/Hack/WS/UIOX/10_BSP/build/arm32/uiox_soc_power.o
 .rodata.uiox_soc_power_cpu_off.str1.1
                0x00000000       0x18 /Users/pramodkumar/Hack/WS/UIOX/10_BSP/build/arm32/uiox_soc_power.o
 .text.uiox_soc_power_cpu_off
                0x00000000       0x54 /Users/pramodkumar/Hack/WS/UIOX/10_BSP/build/arm32/uiox_soc_power.o
 .text.uiox_soc_power_reset
                0x00000000       0x10 /Users/pramodkumar/Hack/WS/UIOX/10_BSP/build/arm32/uiox_soc_power.o
 .text.uiox_soc_power_shutdown
                0x00000000        0x8 /Users/pramodkumar/Hack/WS/UIOX/10_BSP/build/arm32/uiox_soc_power.o
 .debug_info    0x00000000      0x3f9 /Users/pramodkumar/Hack/WS/UIOX/10_BSP/build/arm32/uiox_soc_power.o
 .debug_abbrev  0x00000000      0x21c /Users/pramodkumar/Hack/WS/UIOX/10_BSP/build/arm32/uiox_soc_power.o
 .debug_loclists
                0x00000000       0xf0 /Users/pramodkumar/Hack/WS/UIOX/10_BSP/build/arm32/uiox_soc_power.o
 .debug_aranges
                0x00000000       0x48 /Users/pramodkumar/Hack/WS/UIOX/10_BSP/build/arm32/uiox_soc_power.o
 .debug_rnglists
                0x00000000       0x3d /Users/pramodkumar/Hack/WS/UIOX/10_BSP/build/arm32/uiox_soc_power.o
 .debug_line    0x00000000      0x25f /Users/pramodkumar/Hack/WS/UIOX/10_BSP/build/arm32/uiox_soc_power.o
 .debug_str     0x00000000      0x501 /Users/pramodkumar/Hack/WS/UIOX/10_BSP/build/arm32/uiox_soc_power.o
 .comment       0x00000000       0x13 /Users/pramodkumar/Hack/WS/UIOX/10_BSP/build/arm32/uiox_soc_power.o
 .debug_frame   0x00000000       0x84 /Users/pramodkumar/Hack/WS/UIOX/10_BSP/build/arm32/uiox_soc_power.o
 .ARM.attributes
                0x00000000       0x2f /Users/pramodkumar/Hack/WS/UIOX/10_BSP/build/arm32/uiox_soc_power.o
 .text          0x00000000        0x0 /Users/pramodkumar/Hack/WS/UIOX/10_BSP/build/arm32/uiox_soc_psci.o
 .data          0x00000000        0x0 /Users/pramodkumar/Hack/WS/UIOX/10_BSP/build/arm32/uiox_soc_psci.o
 .bss           0x00000000        0x0 /Users/pramodkumar/Hack/WS/UIOX/10_BSP/build/arm32/uiox_soc_psci.o
 .text.uiox_soc_psci_version
                0x00000000       0x10 /Users/pramodkumar/Hack/WS/UIOX/10_BSP/build/arm32/uiox_soc_psci.o
 .text.uiox_soc_psci_cpu_on
                0x00000000       0xb4 /Users/pramodkumar/Hack/WS/UIOX/10_BSP/build/arm32/uiox_soc_psci.o
 .text.uiox_soc_psci_cpu_off
                0x00000000       0x24 /Users/pramodkumar/Hack/WS/UIOX/10_BSP/build/arm32/uiox_soc_psci.o
 .text.uiox_soc_psci_cpu_suspend
                0x00000000       0x3c /Users/pramodkumar/Hack/WS/UIOX/10_BSP/build/arm32/uiox_soc_psci.o
 .text.uiox_soc_psci_affinity_info
                0x00000000       0x8c /Users/pramodkumar/Hack/WS/UIOX/10_BSP/build/arm32/uiox_soc_psci.o
 .text.uiox_soc_psci_system_off
                0x00000000       0x30 /Users/pramodkumar/Hack/WS/UIOX/10_BSP/build/arm32/uiox_soc_psci.o
 .text.uiox_soc_psci_system_reset
                0x00000000       0x3c /Users/pramodkumar/Hack/WS/UIOX/10_BSP/build/arm32/uiox_soc_psci.o
 .text.soc_puts_ps
                0x00000000       0x54 /Users/pramodkumar/Hack/WS/UIOX/10_BSP/build/arm32/uiox_soc_psci.o
 .text.soc_u32_dec_ps
                0x00000000       0x98 /Users/pramodkumar/Hack/WS/UIOX/10_BSP/build/arm32/uiox_soc_psci.o
 .rodata.uiox_soc_psci_init.str1.1
                0x00000000       0x23 /Users/pramodkumar/Hack/WS/UIOX/10_BSP/build/arm32/uiox_soc_psci.o
 .text.uiox_soc_psci_init
                0x00000000       0xb0 /Users/pramodkumar/Hack/WS/UIOX/10_BSP/build/arm32/uiox_soc_psci.o
 .text.uiox_soc_psci_set_cpu_on
                0x00000000        0xc /Users/pramodkumar/Hack/WS/UIOX/10_BSP/build/arm32/uiox_soc_psci.o
 .text.uiox_soc_psci_set_reset
                0x00000000        0xc /Users/pramodkumar/Hack/WS/UIOX/10_BSP/build/arm32/uiox_soc_psci.o
 .text.uiox_soc_psci_set_off
                0x00000000        0xc /Users/pramodkumar/Hack/WS/UIOX/10_BSP/build/arm32/uiox_soc_psci.o
 .text.uiox_soc_psci_dispatch
                0x00000000       0x98 /Users/pramodkumar/Hack/WS/UIOX/10_BSP/build/arm32/uiox_soc_psci.o
 .text.uiox_soc_psci_supported
                0x00000000       0x34 /Users/pramodkumar/Hack/WS/UIOX/10_BSP/build/arm32/uiox_soc_psci.o
 .text.uiox_soc_psci_features
                0x00000000       0x14 /Users/pramodkumar/Hack/WS/UIOX/10_BSP/build/arm32/uiox_soc_psci.o
 .text.uiox_soc_psci_cpu_state
                0x00000000       0x2c /Users/pramodkumar/Hack/WS/UIOX/10_BSP/build/arm32/uiox_soc_psci.o
 .rodata.uiox_soc_psci_print.str1.1
                0x00000000       0xa8 /Users/pramodkumar/Hack/WS/UIOX/10_BSP/build/arm32/uiox_soc_psci.o
 .text.uiox_soc_psci_print
                0x00000000      0x180 /Users/pramodkumar/Hack/WS/UIOX/10_BSP/build/arm32/uiox_soc_psci.o
 .rodata.h.0    0x00000000       0x11 /Users/pramodkumar/Hack/WS/UIOX/10_BSP/build/arm32/uiox_soc_psci.o
 .rodata.str1.1
                0x00000000       0x9d /Users/pramodkumar/Hack/WS/UIOX/10_BSP/build/arm32/uiox_soc_psci.o
 .rodata.state_names.1
                0x00000000       0x10 /Users/pramodkumar/Hack/WS/UIOX/10_BSP/build/arm32/uiox_soc_psci.o
 .rodata.s_psci_table
                0x00000000       0x84 /Users/pramodkumar/Hack/WS/UIOX/10_BSP/build/arm32/uiox_soc_psci.o
 .bss.s_psci_ctx
                0x00000000        0x4 /Users/pramodkumar/Hack/WS/UIOX/10_BSP/build/arm32/uiox_soc_psci.o
 .debug_info    0x00000000     0x1072 /Users/pramodkumar/Hack/WS/UIOX/10_BSP/build/arm32/uiox_soc_psci.o
 .debug_abbrev  0x00000000      0x3f7 /Users/pramodkumar/Hack/WS/UIOX/10_BSP/build/arm32/uiox_soc_psci.o
 .debug_loclists
                0x00000000      0x5db /Users/pramodkumar/Hack/WS/UIOX/10_BSP/build/arm32/uiox_soc_psci.o
 .debug_aranges
                0x00000000       0xa8 /Users/pramodkumar/Hack/WS/UIOX/10_BSP/build/arm32/uiox_soc_psci.o
 .debug_rnglists
                0x00000000      0x11d /Users/pramodkumar/Hack/WS/UIOX/10_BSP/build/arm32/uiox_soc_psci.o
 .debug_line    0x00000000      0x8ba /Users/pramodkumar/Hack/WS/UIOX/10_BSP/build/arm32/uiox_soc_psci.o
 .debug_str     0x00000000      0x888 /Users/pramodkumar/Hack/WS/UIOX/10_BSP/build/arm32/uiox_soc_psci.o
 .comment       0x00000000       0x13 /Users/pramodkumar/Hack/WS/UIOX/10_BSP/build/arm32/uiox_soc_psci.o
 .debug_frame   0x00000000      0x1dc /Users/pramodkumar/Hack/WS/UIOX/10_BSP/build/arm32/uiox_soc_psci.o
 .ARM.attributes
                0x00000000       0x2f /Users/pramodkumar/Hack/WS/UIOX/10_BSP/build/arm32/uiox_soc_psci.o
 .text          0x00000000        0x0 /Users/pramodkumar/Hack/WS/UIOX/10_BSP/build/arm32/uiox_soc_secboot.o
 .data          0x00000000        0x0 /Users/pramodkumar/Hack/WS/UIOX/10_BSP/build/arm32/uiox_soc_secboot.o
 .bss           0x00000000        0x0 /Users/pramodkumar/Hack/WS/UIOX/10_BSP/build/arm32/uiox_soc_secboot.o
 .text.soc_memcpy_sb
                0x00000000       0x1c /Users/pramodkumar/Hack/WS/UIOX/10_BSP/build/arm32/uiox_soc_secboot.o
 .text.soc_puts_sb
                0x00000000       0x54 /Users/pramodkumar/Hack/WS/UIOX/10_BSP/build/arm32/uiox_soc_secboot.o
 .text.soc_strncpy_sb.constprop.0
                0x00000000       0x2c /Users/pramodkumar/Hack/WS/UIOX/10_BSP/build/arm32/uiox_soc_secboot.o
 .text.uiox_soc_sha256_init
                0x00000000       0x68 /Users/pramodkumar/Hack/WS/UIOX/10_BSP/build/arm32/uiox_soc_secboot.o
 .text.uiox_soc_sha256_update
                0x00000000      0x28c /Users/pramodkumar/Hack/WS/UIOX/10_BSP/build/arm32/uiox_soc_secboot.o
 .text.uiox_soc_sha256_final
                0x00000000       0xc8 /Users/pramodkumar/Hack/WS/UIOX/10_BSP/build/arm32/uiox_soc_secboot.o
 .text.uiox_soc_sha256
                0x00000000       0x94 /Users/pramodkumar/Hack/WS/UIOX/10_BSP/build/arm32/uiox_soc_secboot.o
 .text.uiox_soc_secboot_extend_pcr.part.0
                0x00000000       0x50 /Users/pramodkumar/Hack/WS/UIOX/10_BSP/build/arm32/uiox_soc_secboot.o
 .text.uiox_soc_secboot_extend_pcr
                0x00000000        0xc /Users/pramodkumar/Hack/WS/UIOX/10_BSP/build/arm32/uiox_soc_secboot.o
 .text.uiox_soc_secboot_read_pcr
                0x00000000       0x24 /Users/pramodkumar/Hack/WS/UIOX/10_BSP/build/arm32/uiox_soc_secboot.o
 .rodata.uiox_soc_secboot_init.str1.1
                0x00000000       0x22 /Users/pramodkumar/Hack/WS/UIOX/10_BSP/build/arm32/uiox_soc_secboot.o
 .text.uiox_soc_secboot_init
                0x00000000       0x8c /Users/pramodkumar/Hack/WS/UIOX/10_BSP/build/arm32/uiox_soc_secboot.o
 .rodata.uiox_soc_secboot_verify_cert.str1.1
                0x00000000       0x20 /Users/pramodkumar/Hack/WS/UIOX/10_BSP/build/arm32/uiox_soc_secboot.o
 .text.uiox_soc_secboot_verify_cert
                0x00000000       0xb0 /Users/pramodkumar/Hack/WS/UIOX/10_BSP/build/arm32/uiox_soc_secboot.o
 .rodata.uiox_soc_secboot_verify_image.str1.1
                0x00000000       0x21 /Users/pramodkumar/Hack/WS/UIOX/10_BSP/build/arm32/uiox_soc_secboot.o
 .text.uiox_soc_secboot_verify_image
                0x00000000      0x158 /Users/pramodkumar/Hack/WS/UIOX/10_BSP/build/arm32/uiox_soc_secboot.o
 .rodata.uiox_soc_secboot_print.str1.1
                0x00000000       0x76 /Users/pramodkumar/Hack/WS/UIOX/10_BSP/build/arm32/uiox_soc_secboot.o
 .text.uiox_soc_secboot_print
                0x00000000      0x108 /Users/pramodkumar/Hack/WS/UIOX/10_BSP/build/arm32/uiox_soc_secboot.o
 .bss.s_pcr     0x00000000      0x100 /Users/pramodkumar/Hack/WS/UIOX/10_BSP/build/arm32/uiox_soc_secboot.o
 .rodata.K256   0x00000000      0x100 /Users/pramodkumar/Hack/WS/UIOX/10_BSP/build/arm32/uiox_soc_secboot.o
 .debug_info    0x00000000     0x14d1 /Users/pramodkumar/Hack/WS/UIOX/10_BSP/build/arm32/uiox_soc_secboot.o
 .debug_abbrev  0x00000000      0x41e /Users/pramodkumar/Hack/WS/UIOX/10_BSP/build/arm32/uiox_soc_secboot.o
 .debug_loclists
                0x00000000      0xb7e /Users/pramodkumar/Hack/WS/UIOX/10_BSP/build/arm32/uiox_soc_secboot.o
 .debug_aranges
                0x00000000       0x88 /Users/pramodkumar/Hack/WS/UIOX/10_BSP/build/arm32/uiox_soc_secboot.o
 .debug_rnglists
                0x00000000       0xde /Users/pramodkumar/Hack/WS/UIOX/10_BSP/build/arm32/uiox_soc_secboot.o
 .debug_line    0x00000000      0xa1b /Users/pramodkumar/Hack/WS/UIOX/10_BSP/build/arm32/uiox_soc_secboot.o
 .debug_str     0x00000000      0xa03 /Users/pramodkumar/Hack/WS/UIOX/10_BSP/build/arm32/uiox_soc_secboot.o
 .comment       0x00000000       0x13 /Users/pramodkumar/Hack/WS/UIOX/10_BSP/build/arm32/uiox_soc_secboot.o
 .debug_frame   0x00000000      0x1ac /Users/pramodkumar/Hack/WS/UIOX/10_BSP/build/arm32/uiox_soc_secboot.o
 .ARM.attributes
                0x00000000       0x2f /Users/pramodkumar/Hack/WS/UIOX/10_BSP/build/arm32/uiox_soc_secboot.o
 .text          0x00000000        0x0 /Users/pramodkumar/Hack/WS/UIOX/10_BSP/build/arm32/uiox_soc_stdio.o
 .data          0x00000000        0x0 /Users/pramodkumar/Hack/WS/UIOX/10_BSP/build/arm32/uiox_soc_stdio.o
 .bss           0x00000000        0x0 /Users/pramodkumar/Hack/WS/UIOX/10_BSP/build/arm32/uiox_soc_stdio.o
 .text.uiox_putc
                0x00000000       0x24 /Users/pramodkumar/Hack/WS/UIOX/10_BSP/build/arm32/uiox_soc_stdio.o
 .text.uiox_puts
                0x00000000       0x30 /Users/pramodkumar/Hack/WS/UIOX/10_BSP/build/arm32/uiox_soc_stdio.o
 .text.uiox_snprintf
                0x00000000       0x38 /Users/pramodkumar/Hack/WS/UIOX/10_BSP/build/arm32/uiox_soc_stdio.o
 .comment       0x00000000       0x13 /Users/pramodkumar/Hack/WS/UIOX/10_BSP/build/arm32/uiox_soc_stdio.o
 .text          0x00000000        0x0 /Users/pramodkumar/Hack/WS/UIOX/10_BSP/build/arm32/uiox_soc_tz.o
 .data          0x00000000        0x0 /Users/pramodkumar/Hack/WS/UIOX/10_BSP/build/arm32/uiox_soc_tz.o
 .bss           0x00000000        0x0 /Users/pramodkumar/Hack/WS/UIOX/10_BSP/build/arm32/uiox_soc_tz.o
 .text.soc_puts_tz
                0x00000000       0x54 /Users/pramodkumar/Hack/WS/UIOX/10_BSP/build/arm32/uiox_soc_tz.o
 .text.soc_u32_dec_tz
                0x00000000       0x98 /Users/pramodkumar/Hack/WS/UIOX/10_BSP/build/arm32/uiox_soc_tz.o
 .text.soc_strncpy_tz.constprop.0
                0x00000000       0x2c /Users/pramodkumar/Hack/WS/UIOX/10_BSP/build/arm32/uiox_soc_tz.o
 .text.uiox_soc_tz_current_el
                0x00000000       0x28 /Users/pramodkumar/Hack/WS/UIOX/10_BSP/build/arm32/uiox_soc_tz.o
 .text.uiox_soc_tz_set_vbar
                0x00000000       0x10 /Users/pramodkumar/Hack/WS/UIOX/10_BSP/build/arm32/uiox_soc_tz.o
 .text.uiox_soc_tz_gic_secure
                0x00000000       0x40 /Users/pramodkumar/Hack/WS/UIOX/10_BSP/build/arm32/uiox_soc_tz.o
 .text.uiox_soc_tzc_set_region
                0x00000000       0x7c /Users/pramodkumar/Hack/WS/UIOX/10_BSP/build/arm32/uiox_soc_tz.o
 .text.uiox_soc_tz_eret_to_ns
                0x00000000       0x20 /Users/pramodkumar/Hack/WS/UIOX/10_BSP/build/arm32/uiox_soc_tz.o
 .rodata.uiox_soc_tz_init.str1.1
                0x00000000       0x8b /Users/pramodkumar/Hack/WS/UIOX/10_BSP/build/arm32/uiox_soc_tz.o
 .text.uiox_soc_tz_init
                0x00000000      0x210 /Users/pramodkumar/Hack/WS/UIOX/10_BSP/build/arm32/uiox_soc_tz.o
 .rodata.uiox_soc_tz_print.str1.1
                0x00000000       0xe2 /Users/pramodkumar/Hack/WS/UIOX/10_BSP/build/arm32/uiox_soc_tz.o
 .text.uiox_soc_tz_print
                0x00000000      0x1c8 /Users/pramodkumar/Hack/WS/UIOX/10_BSP/build/arm32/uiox_soc_tz.o
 .rodata.h.0    0x00000000       0x11 /Users/pramodkumar/Hack/WS/UIOX/10_BSP/build/arm32/uiox_soc_tz.o
 .debug_info    0x00000000     0x10d8 /Users/pramodkumar/Hack/WS/UIOX/10_BSP/build/arm32/uiox_soc_tz.o
 .debug_abbrev  0x00000000      0x459 /Users/pramodkumar/Hack/WS/UIOX/10_BSP/build/arm32/uiox_soc_tz.o
 .debug_loclists
                0x00000000      0x547 /Users/pramodkumar/Hack/WS/UIOX/10_BSP/build/arm32/uiox_soc_tz.o
 .debug_aranges
                0x00000000       0x68 /Users/pramodkumar/Hack/WS/UIOX/10_BSP/build/arm32/uiox_soc_tz.o
 .debug_rnglists
                0x00000000      0x103 /Users/pramodkumar/Hack/WS/UIOX/10_BSP/build/arm32/uiox_soc_tz.o
 .debug_line    0x00000000      0x8ca /Users/pramodkumar/Hack/WS/UIOX/10_BSP/build/arm32/uiox_soc_tz.o
 .debug_str     0x00000000      0x861 /Users/pramodkumar/Hack/WS/UIOX/10_BSP/build/arm32/uiox_soc_tz.o
 .comment       0x00000000       0x13 /Users/pramodkumar/Hack/WS/UIOX/10_BSP/build/arm32/uiox_soc_tz.o
 .debug_frame   0x00000000      0x11c /Users/pramodkumar/Hack/WS/UIOX/10_BSP/build/arm32/uiox_soc_tz.o
 .ARM.attributes
                0x00000000       0x2f /Users/pramodkumar/Hack/WS/UIOX/10_BSP/build/arm32/uiox_soc_tz.o
 .text          0x00000000        0x0 /Users/pramodkumar/Hack/WS/UIOX/10_BSP/build/arm32/uiox_kernel_loader.o
 .data          0x00000000        0x0 /Users/pramodkumar/Hack/WS/UIOX/10_BSP/build/arm32/uiox_kernel_loader.o
 .bss           0x00000000        0x0 /Users/pramodkumar/Hack/WS/UIOX/10_BSP/build/arm32/uiox_kernel_loader.o
 .rodata.uiox_kernel_loader_init.str1.1
                0x00000000       0x32 /Users/pramodkumar/Hack/WS/UIOX/10_BSP/build/arm32/uiox_kernel_loader.o
 .text.uiox_kernel_loader_init
                0x00000000       0x6c /Users/pramodkumar/Hack/WS/UIOX/10_BSP/build/arm32/uiox_kernel_loader.o
 .rodata.uiox_kernel_load.str1.1
                0x00000000      0x113 /Users/pramodkumar/Hack/WS/UIOX/10_BSP/build/arm32/uiox_kernel_loader.o
 .text.uiox_kernel_load
                0x00000000      0x134 /Users/pramodkumar/Hack/WS/UIOX/10_BSP/build/arm32/uiox_kernel_loader.o
 .rodata.uiox_kernel_verify.str1.1
                0x00000000       0x5e /Users/pramodkumar/Hack/WS/UIOX/10_BSP/build/arm32/uiox_kernel_loader.o
 .text.uiox_kernel_verify
                0x00000000       0xac /Users/pramodkumar/Hack/WS/UIOX/10_BSP/build/arm32/uiox_kernel_loader.o
 .rodata.uiox_kernel_jump.str1.1
                0x00000000       0x31 /Users/pramodkumar/Hack/WS/UIOX/10_BSP/build/arm32/uiox_kernel_loader.o
 .text.uiox_kernel_jump
                0x00000000       0x38 /Users/pramodkumar/Hack/WS/UIOX/10_BSP/build/arm32/uiox_kernel_loader.o
 .debug_info    0x00000000      0x7e4 /Users/pramodkumar/Hack/WS/UIOX/10_BSP/build/arm32/uiox_kernel_loader.o
 .debug_abbrev  0x00000000      0x28d /Users/pramodkumar/Hack/WS/UIOX/10_BSP/build/arm32/uiox_kernel_loader.o
 .debug_loclists
                0x00000000      0x321 /Users/pramodkumar/Hack/WS/UIOX/10_BSP/build/arm32/uiox_kernel_loader.o
 .debug_aranges
                0x00000000       0x38 /Users/pramodkumar/Hack/WS/UIOX/10_BSP/build/arm32/uiox_kernel_loader.o
 .debug_rnglists
                0x00000000       0x8e /Users/pramodkumar/Hack/WS/UIOX/10_BSP/build/arm32/uiox_kernel_loader.o
 .debug_line    0x00000000      0x3e5 /Users/pramodkumar/Hack/WS/UIOX/10_BSP/build/arm32/uiox_kernel_loader.o
 .debug_str     0x00000000      0x56c /Users/pramodkumar/Hack/WS/UIOX/10_BSP/build/arm32/uiox_kernel_loader.o
 .comment       0x00000000       0x13 /Users/pramodkumar/Hack/WS/UIOX/10_BSP/build/arm32/uiox_kernel_loader.o
 .debug_frame   0x00000000       0x78 /Users/pramodkumar/Hack/WS/UIOX/10_BSP/build/arm32/uiox_kernel_loader.o
 .ARM.attributes
                0x00000000       0x2f /Users/pramodkumar/Hack/WS/UIOX/10_BSP/build/arm32/uiox_kernel_loader.o
 .text          0x00000000        0x0 /Users/pramodkumar/Hack/WS/UIOX/10_BSP/build/arm32/uiox_soc_arm32.o
 .data          0x00000000        0x0 /Users/pramodkumar/Hack/WS/UIOX/10_BSP/build/arm32/uiox_soc_arm32.o
 .bss           0x00000000        0x0 /Users/pramodkumar/Hack/WS/UIOX/10_BSP/build/arm32/uiox_soc_arm32.o
 .text.uiox_strncpy.part.0.constprop.0
                0x00000000       0x2c /Users/pramodkumar/Hack/WS/UIOX/10_BSP/build/arm32/uiox_soc_arm32.o
 .rodata.uiox_soc_init_arm32.str1.1
                0x00000000      0x180 /Users/pramodkumar/Hack/WS/UIOX/10_BSP/build/arm32/uiox_soc_arm32.o
 .text.uiox_soc_init_arm32
                0x00000000      0x2d4 /Users/pramodkumar/Hack/WS/UIOX/10_BSP/build/arm32/uiox_soc_arm32.o
 .debug_info    0x00000000      0xd59 /Users/pramodkumar/Hack/WS/UIOX/10_BSP/build/arm32/uiox_soc_arm32.o
 .debug_abbrev  0x00000000      0x2b1 /Users/pramodkumar/Hack/WS/UIOX/10_BSP/build/arm32/uiox_soc_arm32.o
 .debug_loclists
                0x00000000      0x375 /Users/pramodkumar/Hack/WS/UIOX/10_BSP/build/arm32/uiox_soc_arm32.o
 .debug_aranges
                0x00000000       0x28 /Users/pramodkumar/Hack/WS/UIOX/10_BSP/build/arm32/uiox_soc_arm32.o
 .debug_rnglists
                0x00000000       0xd8 /Users/pramodkumar/Hack/WS/UIOX/10_BSP/build/arm32/uiox_soc_arm32.o
 .debug_line    0x00000000      0x61a /Users/pramodkumar/Hack/WS/UIOX/10_BSP/build/arm32/uiox_soc_arm32.o
 .debug_str     0x00000000      0x85b /Users/pramodkumar/Hack/WS/UIOX/10_BSP/build/arm32/uiox_soc_arm32.o
 .comment       0x00000000       0x13 /Users/pramodkumar/Hack/WS/UIOX/10_BSP/build/arm32/uiox_soc_arm32.o
 .debug_frame   0x00000000       0x48 /Users/pramodkumar/Hack/WS/UIOX/10_BSP/build/arm32/uiox_soc_arm32.o
 .ARM.attributes
                0x00000000       0x2f /Users/pramodkumar/Hack/WS/UIOX/10_BSP/build/arm32/uiox_soc_arm32.o
 .text          0x00000000        0x0 /Users/pramodkumar/Hack/WS/UIOX/10_BSP/build/arm32/uiox_soc_arm32_init.o
 .data          0x00000000        0x0 /Users/pramodkumar/Hack/WS/UIOX/10_BSP/build/arm32/uiox_soc_arm32_init.o
 .bss           0x00000000        0x0 /Users/pramodkumar/Hack/WS/UIOX/10_BSP/build/arm32/uiox_soc_arm32_init.o
 .rodata.uiox_soc_arm32_init.str1.1
                0x00000000      0x1b9 /Users/pramodkumar/Hack/WS/UIOX/10_BSP/build/arm32/uiox_soc_arm32_init.o
 .text.uiox_soc_arm32_init
                0x00000000      0x18c /Users/pramodkumar/Hack/WS/UIOX/10_BSP/build/arm32/uiox_soc_arm32_init.o
 .rodata.uiox_soc_arm32_fini.str1.1
                0x00000000       0x22 /Users/pramodkumar/Hack/WS/UIOX/10_BSP/build/arm32/uiox_soc_arm32_init.o
 .text.uiox_soc_arm32_fini
                0x00000000       0x1c /Users/pramodkumar/Hack/WS/UIOX/10_BSP/build/arm32/uiox_soc_arm32_init.o
 .debug_info    0x00000000      0x80d /Users/pramodkumar/Hack/WS/UIOX/10_BSP/build/arm32/uiox_soc_arm32_init.o
 .debug_abbrev  0x00000000      0x209 /Users/pramodkumar/Hack/WS/UIOX/10_BSP/build/arm32/uiox_soc_arm32_init.o
 .debug_loclists
                0x00000000      0x30a /Users/pramodkumar/Hack/WS/UIOX/10_BSP/build/arm32/uiox_soc_arm32_init.o
 .debug_aranges
                0x00000000       0x28 /Users/pramodkumar/Hack/WS/UIOX/10_BSP/build/arm32/uiox_soc_arm32_init.o
 .debug_rnglists
                0x00000000       0x8d /Users/pramodkumar/Hack/WS/UIOX/10_BSP/build/arm32/uiox_soc_arm32_init.o
 .debug_line    0x00000000      0x414 /Users/pramodkumar/Hack/WS/UIOX/10_BSP/build/arm32/uiox_soc_arm32_init.o
 .debug_str     0x00000000      0x3f8 /Users/pramodkumar/Hack/WS/UIOX/10_BSP/build/arm32/uiox_soc_arm32_init.o
 .comment       0x00000000       0x13 /Users/pramodkumar/Hack/WS/UIOX/10_BSP/build/arm32/uiox_soc_arm32_init.o
 .debug_frame   0x00000000       0x40 /Users/pramodkumar/Hack/WS/UIOX/10_BSP/build/arm32/uiox_soc_arm32_init.o
 .ARM.attributes
                0x00000000       0x2f /Users/pramodkumar/Hack/WS/UIOX/10_BSP/build/arm32/uiox_soc_arm32_init.o
 .text          0x00000000        0x0 /Users/pramodkumar/Hack/WS/UIOX/10_BSP/build/arm32/bsp_entry.o
 .data          0x00000000        0x0 /Users/pramodkumar/Hack/WS/UIOX/10_BSP/build/arm32/bsp_entry.o
 .bss           0x00000000        0x0 /Users/pramodkumar/Hack/WS/UIOX/10_BSP/build/arm32/bsp_entry.o
 .text          0x00000000       0x74 /Users/pramodkumar/Hack/WS/UIOX/10_BSP/build/arm32/arch_context.o
 .data          0x00000000        0x0 /Users/pramodkumar/Hack/WS/UIOX/10_BSP/build/arm32/arch_context.o
 .bss           0x00000000        0x0 /Users/pramodkumar/Hack/WS/UIOX/10_BSP/build/arm32/arch_context.o
 .debug_line    0x00000000       0x6d /Users/pramodkumar/Hack/WS/UIOX/10_BSP/build/arm32/arch_context.o
 .debug_line_str
                0x00000000       0x6f /Users/pramodkumar/Hack/WS/UIOX/10_BSP/build/arm32/arch_context.o
 .debug_info    0x00000000       0x24 /Users/pramodkumar/Hack/WS/UIOX/10_BSP/build/arm32/arch_context.o
 .debug_abbrev  0x00000000       0x14 /Users/pramodkumar/Hack/WS/UIOX/10_BSP/build/arm32/arch_context.o
 .debug_aranges
                0x00000000       0x20 /Users/pramodkumar/Hack/WS/UIOX/10_BSP/build/arm32/arch_context.o
 .debug_str     0x00000000       0x7d /Users/pramodkumar/Hack/WS/UIOX/10_BSP/build/arm32/arch_context.o
 .ARM.attributes
                0x00000000       0x1d /Users/pramodkumar/Hack/WS/UIOX/10_BSP/build/arm32/arch_context.o
 .data          0x00000000        0x0 /Users/pramodkumar/Hack/WS/UIOX/10_BSP/build/arm32/arch_irq.o
 .bss           0x00000000        0x0 /Users/pramodkumar/Hack/WS/UIOX/10_BSP/build/arm32/arch_irq.o

Memory Configuration

Name             Origin             Length             Attributes
SRAM             0x48000000         0x00400000         xrw
*default*        0x00000000         0xffffffff

Linker script and memory map

                0x48000000                        BSP_LOAD_ADDR = 0x48000000
                0x00010000                        STACK_SIZE = 0x10000
                0x48000000                        . = BSP_LOAD_ADDR

.text.bsp_entry
                0x48000000       0x54
 *(.text.bsp_entry)
 .text.bsp_entry
                0x48000000       0x54 /Users/pramodkumar/Hack/WS/UIOX/10_BSP/build/arm32/bsp_entry.o
                0x48000000                uiox_bsp_entry

.text           0x48000060      0xc84
 *(.text .text.*)
 .text.bsp_puts
                0x48000060       0x4c /Users/pramodkumar/Hack/WS/UIOX/10_BSP/build/arm32/uiox_bsp_main.o
 .text.uiox_bsp_jump_to_kernel
                0x480000ac       0x3c /Users/pramodkumar/Hack/WS/UIOX/10_BSP/build/arm32/uiox_bsp_main.o
                0x480000ac                uiox_bsp_jump_to_kernel
 .text.uiox_bsp_entry_c
                0x480000e8      0x1b0 /Users/pramodkumar/Hack/WS/UIOX/10_BSP/build/arm32/uiox_bsp_main.o
                0x480000e8                uiox_bsp_entry_c
 .text.uiox_soc_init
                0x48000298        0x8 /Users/pramodkumar/Hack/WS/UIOX/10_BSP/build/arm32/uiox_bsp_stubs.o
                0x48000298                uiox_soc_init
 .text.timer0_irq_handler
                0x480002a0        0x4 /Users/pramodkumar/Hack/WS/UIOX/10_BSP/build/arm32/uiox_bsp_stubs.o
                0x480002a0                timer0_irq_handler
 .text.uart0_irq_handler
                0x480002a4        0x4 /Users/pramodkumar/Hack/WS/UIOX/10_BSP/build/arm32/uiox_bsp_stubs.o
                0x480002a4                uart0_irq_handler
 .text.syscall_dispatch
                0x480002a8        0x8 /Users/pramodkumar/Hack/WS/UIOX/10_BSP/build/arm32/uiox_bsp_stubs.o
                0x480002a8                syscall_dispatch
 .text.exception_dispatch
                0x480002b0        0x4 /Users/pramodkumar/Hack/WS/UIOX/10_BSP/build/arm32/uiox_bsp_stubs.o
                0x480002b0                exception_dispatch
 .text.arch_init
                0x480002b4      0x178 /Users/pramodkumar/Hack/WS/UIOX/10_BSP/build/arm32/arch_init.o
                0x480002b4                arch_init
 .text.arch_irq_dispatch
                0x4800042c        0xc /Users/pramodkumar/Hack/WS/UIOX/10_BSP/build/arm32/arch_runtime.o
                0x4800042c                arch_irq_dispatch
 .text.arm32_exception_dispatch
                0x48000438        0x4 /Users/pramodkumar/Hack/WS/UIOX/10_BSP/build/arm32/arch_runtime.o
                0x48000438                arm32_exception_dispatch
 .text.arch_syscall_dispatch
                0x4800043c        0x4 /Users/pramodkumar/Hack/WS/UIOX/10_BSP/build/arm32/arch_runtime.o
                0x4800043c                arch_syscall_dispatch
 .text.irq_init
                0x48000440       0x28 /Users/pramodkumar/Hack/WS/UIOX/10_BSP/build/arm32/irq.o
                0x48000440                irq_init
 .text.irq_request
                0x48000468       0x50 /Users/pramodkumar/Hack/WS/UIOX/10_BSP/build/arm32/irq.o
                0x48000468                irq_request
 .text.irq_enable
                0x480004b8       0x2c /Users/pramodkumar/Hack/WS/UIOX/10_BSP/build/arm32/irq.o
                0x480004b8                irq_enable
 .text.irq_dispatch
                0x480004e4       0x70 /Users/pramodkumar/Hack/WS/UIOX/10_BSP/build/arm32/irq.o
                0x480004e4                irq_dispatch
 .text.uiox_soc_hw_uart_putc
                0x48000554       0x24 /Users/pramodkumar/Hack/WS/UIOX/10_BSP/build/arm32/uiox_soc_hw.o
                0x48000554                uiox_soc_hw_uart_putc
 .text._udiv32.part.0
                0x48000578       0x44 /Users/pramodkumar/Hack/WS/UIOX/10_BSP/build/arm32/uiox_soc_stdio.o
 .text._sink_putc
                0x480005bc       0x4c /Users/pramodkumar/Hack/WS/UIOX/10_BSP/build/arm32/uiox_soc_stdio.o
 .text._put_hex
                0x48000608       0x9c /Users/pramodkumar/Hack/WS/UIOX/10_BSP/build/arm32/uiox_soc_stdio.o
 .text._udiv64_u32.constprop.0
                0x480006a4       0x6c /Users/pramodkumar/Hack/WS/UIOX/10_BSP/build/arm32/uiox_soc_stdio.o
 .text._put_udec64
                0x48000710      0x154 /Users/pramodkumar/Hack/WS/UIOX/10_BSP/build/arm32/uiox_soc_stdio.o
 .text._vformat.constprop.0
                0x48000864      0x2fc /Users/pramodkumar/Hack/WS/UIOX/10_BSP/build/arm32/uiox_soc_stdio.o
 .text.uiox_printf
                0x48000b60       0x3c /Users/pramodkumar/Hack/WS/UIOX/10_BSP/build/arm32/uiox_soc_stdio.o
                0x48000b60                uiox_printf
 *fill*         0x48000b9c        0x4 
 .text          0x48000ba0      0x144 /Users/pramodkumar/Hack/WS/UIOX/10_BSP/build/arm32/arch_irq.o
                0x48000ba0                arm32_irq_entry
                0x48000bd8                arm32_svc_entry
                0x48000c20                _vector_table
                0x48000c40                arm32_reset_handler
                0x48000c44                arm32_undef_handler
                0x48000c60                arm32_prefetch_handler
                0x48000c80                arm32_data_handler
                0x48000ca0                arm32_fiq_entry

.glue_7         0x48000ce4        0x0
 .glue_7        0x48000ce4        0x0 linker stubs

.glue_7t        0x48000ce4        0x0
 .glue_7t       0x48000ce4        0x0 linker stubs

.vfp11_veneer   0x48000ce4        0x0
 .vfp11_veneer  0x48000ce4        0x0 linker stubs

.v4_bx          0x48000ce4        0x0
 .v4_bx         0x48000ce4        0x0 linker stubs

.iplt           0x48000ce4        0x0
 .iplt          0x48000ce4        0x0 /Users/pramodkumar/Hack/WS/UIOX/10_BSP/build/arm32/uiox_bsp_main.o

.rodata         0x48000ce4      0x339
 *(.rodata .rodata.*)
 .rodata.uiox_bsp_init.str1.1
                0x48000ce4      0x30e /Users/pramodkumar/Hack/WS/UIOX/10_BSP/build/arm32/uiox_bsp_main.o
                                 0xc2 (size before relaxing)
 .rodata.uiox_bsp_jump_to_kernel.str1.1
                0x48000ff2        0x0 /Users/pramodkumar/Hack/WS/UIOX/10_BSP/build/arm32/uiox_bsp_main.o
                                 0x21 (size before relaxing)
 .rodata.uiox_bsp_entry_c.str1.1
                0x48000ff2        0x0 /Users/pramodkumar/Hack/WS/UIOX/10_BSP/build/arm32/uiox_bsp_main.o
                                 0xf3 (size before relaxing)
 .rodata.arch_init.str1.1
                0x48000ff2        0x0 /Users/pramodkumar/Hack/WS/UIOX/10_BSP/build/arm32/arch_init.o
                                0x131 (size before relaxing)
 .rodata._vformat.constprop.0.str1.1
                0x48000ff2        0x0 /Users/pramodkumar/Hack/WS/UIOX/10_BSP/build/arm32/uiox_soc_stdio.o
                                  0x7 (size before relaxing)
 .rodata._vformat.constprop.0
                0x48000ff2        0x9 /Users/pramodkumar/Hack/WS/UIOX/10_BSP/build/arm32/uiox_soc_stdio.o
 .rodata.lo.0   0x48000ffb       0x11 /Users/pramodkumar/Hack/WS/UIOX/10_BSP/build/arm32/uiox_soc_stdio.o
 .rodata.hi.1   0x4800100c       0x11 /Users/pramodkumar/Hack/WS/UIOX/10_BSP/build/arm32/uiox_soc_stdio.o

.rel.dyn        0x48001020        0x0
 .rel.iplt      0x48001020        0x0 /Users/pramodkumar/Hack/WS/UIOX/10_BSP/build/arm32/uiox_bsp_main.o

.data
 *(.data .data.*)

.igot.plt       0x48001020        0x0
 .igot.plt      0x48001020        0x0 /Users/pramodkumar/Hack/WS/UIOX/10_BSP/build/arm32/uiox_bsp_main.o

.bss            0x48001020      0xc34
                0x48001020                        _bss_start = .
 *(.bss .bss.*)
 .bss.g_bsp_ready
                0x48001020        0x4 /Users/pramodkumar/Hack/WS/UIOX/10_BSP/build/arm32/uiox_bsp_main.o
 *fill*         0x48001024        0x4 
 .bss.g_bsp_cfg
                0x48001028       0x28 /Users/pramodkumar/Hack/WS/UIOX/10_BSP/build/arm32/uiox_bsp_main.o
 .bss.g_slots   0x48001050      0xc00 /Users/pramodkumar/Hack/WS/UIOX/10_BSP/build/arm32/irq.o
 .bss.s_ops     0x48001c50        0x4 /Users/pramodkumar/Hack/WS/UIOX/10_BSP/build/arm32/uiox_soc_hw.o
 *(COMMON)
                0x48001c54                        _bss_end = .
                0x48001c60                        . = ALIGN (0x10)

.stack          0x48001c54    0x10000
                0x48011c54                        . = (. + STACK_SIZE)
 *fill*         0x48001c54    0x10000 
                0x48011c54                        _stack_top = .

/DISCARD/
 *(.comment)
 *(.note*)
 *(.ARM.exidx*)
 *(.ARM.extab*)
LOAD /Users/pramodkumar/Hack/WS/UIOX/10_BSP/build/arm32/uiox_bsp_main.o
LOAD /Users/pramodkumar/Hack/WS/UIOX/10_BSP/build/arm32/uiox_bsp_stubs.o
LOAD /Users/pramodkumar/Hack/WS/UIOX/10_BSP/build/arm32/arch_init.o
LOAD /Users/pramodkumar/Hack/WS/UIOX/10_BSP/build/arm32/arch_runtime.o
LOAD /Users/pramodkumar/Hack/WS/UIOX/10_BSP/build/arm32/irq.o
LOAD /Users/pramodkumar/Hack/WS/UIOX/10_BSP/build/arm32/uiox_soc_main.o
LOAD /Users/pramodkumar/Hack/WS/UIOX/10_BSP/build/arm32/uiox_soc_clk.o
LOAD /Users/pramodkumar/Hack/WS/UIOX/10_BSP/build/arm32/uiox_soc_dma.o
LOAD /Users/pramodkumar/Hack/WS/UIOX/10_BSP/build/arm32/uiox_soc_hw.o
LOAD /Users/pramodkumar/Hack/WS/UIOX/10_BSP/build/arm32/uiox_soc_irq.o
LOAD /Users/pramodkumar/Hack/WS/UIOX/10_BSP/build/arm32/uiox_soc_mem.o
LOAD /Users/pramodkumar/Hack/WS/UIOX/10_BSP/build/arm32/uiox_soc_pcie.o
LOAD /Users/pramodkumar/Hack/WS/UIOX/10_BSP/build/arm32/uiox_soc_post.o
LOAD /Users/pramodkumar/Hack/WS/UIOX/10_BSP/build/arm32/uiox_soc_power.o
LOAD /Users/pramodkumar/Hack/WS/UIOX/10_BSP/build/arm32/uiox_soc_psci.o
LOAD /Users/pramodkumar/Hack/WS/UIOX/10_BSP/build/arm32/uiox_soc_secboot.o
LOAD /Users/pramodkumar/Hack/WS/UIOX/10_BSP/build/arm32/uiox_soc_stdio.o
LOAD /Users/pramodkumar/Hack/WS/UIOX/10_BSP/build/arm32/uiox_soc_tz.o
LOAD /Users/pramodkumar/Hack/WS/UIOX/10_BSP/build/arm32/uiox_kernel_loader.o
LOAD /Users/pramodkumar/Hack/WS/UIOX/10_BSP/build/arm32/uiox_soc_arm32.o
LOAD /Users/pramodkumar/Hack/WS/UIOX/10_BSP/build/arm32/uiox_soc_arm32_init.o
LOAD /Users/pramodkumar/Hack/WS/UIOX/10_BSP/build/arm32/bsp_entry.o
LOAD /Users/pramodkumar/Hack/WS/UIOX/10_BSP/build/arm32/arch_context.o
LOAD /Users/pramodkumar/Hack/WS/UIOX/10_BSP/build/arm32/arch_irq.o
OUTPUT(/Users/pramodkumar/Hack/WS/UIOX/10_BSP/build/arm32/uiox_bsp.elf elf32-littlearm)
LOAD linker stubs

.ARM.attributes
                0x00000000       0x2d
 .ARM.attributes
                0x00000000       0x2f /Users/pramodkumar/Hack/WS/UIOX/10_BSP/build/arm32/uiox_bsp_main.o
 .ARM.attributes
                0x0000002f       0x2f /Users/pramodkumar/Hack/WS/UIOX/10_BSP/build/arm32/uiox_bsp_stubs.o
 .ARM.attributes
                0x0000005e       0x2f /Users/pramodkumar/Hack/WS/UIOX/10_BSP/build/arm32/arch_init.o
 .ARM.attributes
                0x0000008d       0x2f /Users/pramodkumar/Hack/WS/UIOX/10_BSP/build/arm32/arch_runtime.o
 .ARM.attributes
                0x000000bc       0x2f /Users/pramodkumar/Hack/WS/UIOX/10_BSP/build/arm32/irq.o
 .ARM.attributes
                0x000000eb       0x2f /Users/pramodkumar/Hack/WS/UIOX/10_BSP/build/arm32/uiox_soc_hw.o
 .ARM.attributes
                0x0000011a       0x2f /Users/pramodkumar/Hack/WS/UIOX/10_BSP/build/arm32/uiox_soc_stdio.o
 .ARM.attributes
                0x00000149       0x1d /Users/pramodkumar/Hack/WS/UIOX/10_BSP/build/arm32/bsp_entry.o
 .ARM.attributes
                0x00000166       0x1d /Users/pramodkumar/Hack/WS/UIOX/10_BSP/build/arm32/arch_irq.o

.debug_info     0x00000000     0x326b
 .debug_info    0x00000000      0x8b7 /Users/pramodkumar/Hack/WS/UIOX/10_BSP/build/arm32/uiox_bsp_main.o
 .debug_info    0x000008b7      0x213 /Users/pramodkumar/Hack/WS/UIOX/10_BSP/build/arm32/uiox_bsp_stubs.o
 .debug_info    0x00000aca      0x69a /Users/pramodkumar/Hack/WS/UIOX/10_BSP/build/arm32/arch_init.o
 .debug_info    0x00001164      0x837 /Users/pramodkumar/Hack/WS/UIOX/10_BSP/build/arm32/arch_runtime.o
 .debug_info    0x0000199b      0x3e0 /Users/pramodkumar/Hack/WS/UIOX/10_BSP/build/arm32/irq.o
 .debug_info    0x00001d7b      0x59b /Users/pramodkumar/Hack/WS/UIOX/10_BSP/build/arm32/uiox_soc_hw.o
 .debug_info    0x00002316      0xeff /Users/pramodkumar/Hack/WS/UIOX/10_BSP/build/arm32/uiox_soc_stdio.o
 .debug_info    0x00003215       0x31 /Users/pramodkumar/Hack/WS/UIOX/10_BSP/build/arm32/bsp_entry.o
 .debug_info    0x00003246       0x25 /Users/pramodkumar/Hack/WS/UIOX/10_BSP/build/arm32/arch_irq.o

.debug_abbrev   0x00000000     0x103b
 .debug_abbrev  0x00000000      0x2fc /Users/pramodkumar/Hack/WS/UIOX/10_BSP/build/arm32/uiox_bsp_main.o
 .debug_abbrev  0x000002fc      0x12f /Users/pramodkumar/Hack/WS/UIOX/10_BSP/build/arm32/uiox_bsp_stubs.o
 .debug_abbrev  0x0000042b      0x228 /Users/pramodkumar/Hack/WS/UIOX/10_BSP/build/arm32/arch_init.o
 .debug_abbrev  0x00000653      0x275 /Users/pramodkumar/Hack/WS/UIOX/10_BSP/build/arm32/arch_runtime.o
 .debug_abbrev  0x000008c8      0x204 /Users/pramodkumar/Hack/WS/UIOX/10_BSP/build/arm32/irq.o
 .debug_abbrev  0x00000acc      0x1df /Users/pramodkumar/Hack/WS/UIOX/10_BSP/build/arm32/uiox_soc_hw.o
 .debug_abbrev  0x00000cab      0x354 /Users/pramodkumar/Hack/WS/UIOX/10_BSP/build/arm32/uiox_soc_stdio.o
 .debug_abbrev  0x00000fff       0x28 /Users/pramodkumar/Hack/WS/UIOX/10_BSP/build/arm32/bsp_entry.o
 .debug_abbrev  0x00001027       0x14 /Users/pramodkumar/Hack/WS/UIOX/10_BSP/build/arm32/arch_irq.o

.debug_loclists
                0x00000000     0x1595
 .debug_loclists
                0x00000000      0x32f /Users/pramodkumar/Hack/WS/UIOX/10_BSP/build/arm32/uiox_bsp_main.o
 .debug_loclists
                0x0000032f       0x29 /Users/pramodkumar/Hack/WS/UIOX/10_BSP/build/arm32/uiox_bsp_stubs.o
 .debug_loclists
                0x00000358      0x190 /Users/pramodkumar/Hack/WS/UIOX/10_BSP/build/arm32/arch_init.o
 .debug_loclists
                0x000004e8      0x3c2 /Users/pramodkumar/Hack/WS/UIOX/10_BSP/build/arm32/arch_runtime.o
 .debug_loclists
                0x000008aa      0x253 /Users/pramodkumar/Hack/WS/UIOX/10_BSP/build/arm32/irq.o
 .debug_loclists
                0x00000afd       0x80 /Users/pramodkumar/Hack/WS/UIOX/10_BSP/build/arm32/uiox_soc_hw.o
 .debug_loclists
                0x00000b7d      0xa18 /Users/pramodkumar/Hack/WS/UIOX/10_BSP/build/arm32/uiox_soc_stdio.o

.debug_aranges  0x00000000      0x310
 .debug_aranges
                0x00000000       0x50 /Users/pramodkumar/Hack/WS/UIOX/10_BSP/build/arm32/uiox_bsp_main.o
 .debug_aranges
                0x00000050       0x50 /Users/pramodkumar/Hack/WS/UIOX/10_BSP/build/arm32/uiox_bsp_stubs.o
 .debug_aranges
                0x000000a0       0x28 /Users/pramodkumar/Hack/WS/UIOX/10_BSP/build/arm32/arch_init.o
 .debug_aranges
                0x000000c8       0xa8 /Users/pramodkumar/Hack/WS/UIOX/10_BSP/build/arm32/arch_runtime.o
 .debug_aranges
                0x00000170       0x40 /Users/pramodkumar/Hack/WS/UIOX/10_BSP/build/arm32/irq.o
 .debug_aranges
                0x000001b0       0xb8 /Users/pramodkumar/Hack/WS/UIOX/10_BSP/build/arm32/uiox_soc_hw.o
 .debug_aranges
                0x00000268       0x68 /Users/pramodkumar/Hack/WS/UIOX/10_BSP/build/arm32/uiox_soc_stdio.o
 .debug_aranges
                0x000002d0       0x20 /Users/pramodkumar/Hack/WS/UIOX/10_BSP/build/arm32/bsp_entry.o
 .debug_aranges
                0x000002f0       0x20 /Users/pramodkumar/Hack/WS/UIOX/10_BSP/build/arm32/arch_irq.o

.debug_rnglists
                0x00000000      0x37d
 .debug_rnglists
                0x00000000       0x8b /Users/pramodkumar/Hack/WS/UIOX/10_BSP/build/arm32/uiox_bsp_main.o
 .debug_rnglists
                0x0000008b       0x37 /Users/pramodkumar/Hack/WS/UIOX/10_BSP/build/arm32/uiox_bsp_stubs.o
 .debug_rnglists
                0x000000c2       0x56 /Users/pramodkumar/Hack/WS/UIOX/10_BSP/build/arm32/arch_init.o
 .debug_rnglists
                0x00000118       0xb5 /Users/pramodkumar/Hack/WS/UIOX/10_BSP/build/arm32/arch_runtime.o
 .debug_rnglists
                0x000001cd       0x5b /Users/pramodkumar/Hack/WS/UIOX/10_BSP/build/arm32/irq.o
 .debug_rnglists
                0x00000228       0x85 /Users/pramodkumar/Hack/WS/UIOX/10_BSP/build/arm32/uiox_soc_hw.o
 .debug_rnglists
                0x000002ad       0xd0 /Users/pramodkumar/Hack/WS/UIOX/10_BSP/build/arm32/uiox_soc_stdio.o

.debug_line     0x00000000     0x1f27
 .debug_line    0x00000000      0x47f /Users/pramodkumar/Hack/WS/UIOX/10_BSP/build/arm32/uiox_bsp_main.o
 .debug_line    0x0000047f      0x10f /Users/pramodkumar/Hack/WS/UIOX/10_BSP/build/arm32/uiox_bsp_stubs.o
 .debug_line    0x0000058e      0x37c /Users/pramodkumar/Hack/WS/UIOX/10_BSP/build/arm32/arch_init.o
 .debug_line    0x0000090a      0x409 /Users/pramodkumar/Hack/WS/UIOX/10_BSP/build/arm32/arch_runtime.o
 .debug_line    0x00000d13      0x2fb /Users/pramodkumar/Hack/WS/UIOX/10_BSP/build/arm32/irq.o
 .debug_line    0x0000100e      0x4d2 /Users/pramodkumar/Hack/WS/UIOX/10_BSP/build/arm32/uiox_soc_hw.o
 .debug_line    0x000014e0      0x94f /Users/pramodkumar/Hack/WS/UIOX/10_BSP/build/arm32/uiox_soc_stdio.o
 .debug_line    0x00001e2f       0x60 /Users/pramodkumar/Hack/WS/UIOX/10_BSP/build/arm32/bsp_entry.o
 .debug_line    0x00001e8f       0x98 /Users/pramodkumar/Hack/WS/UIOX/10_BSP/build/arm32/arch_irq.o

.debug_str      0x00000000      0xe0f
 .debug_str     0x00000000      0xe0f /Users/pramodkumar/Hack/WS/UIOX/10_BSP/build/arm32/uiox_bsp_main.o
                                0x412 (size before relaxing)
 .debug_str     0x00000e0f        0x0 /Users/pramodkumar/Hack/WS/UIOX/10_BSP/build/arm32/uiox_bsp_stubs.o
                                0x216 (size before relaxing)
 .debug_str     0x00000e0f        0x0 /Users/pramodkumar/Hack/WS/UIOX/10_BSP/build/arm32/arch_init.o
                                0x318 (size before relaxing)
 .debug_str     0x00000e0f        0x0 /Users/pramodkumar/Hack/WS/UIOX/10_BSP/build/arm32/arch_runtime.o
                                0x3b0 (size before relaxing)
 .debug_str     0x00000e0f        0x0 /Users/pramodkumar/Hack/WS/UIOX/10_BSP/build/arm32/irq.o
                                0x263 (size before relaxing)
 .debug_str     0x00000e0f        0x0 /Users/pramodkumar/Hack/WS/UIOX/10_BSP/build/arm32/uiox_soc_hw.o
                                0x653 (size before relaxing)
 .debug_str     0x00000e0f        0x0 /Users/pramodkumar/Hack/WS/UIOX/10_BSP/build/arm32/uiox_soc_stdio.o
                                0x2b6 (size before relaxing)
 .debug_str     0x00000e0f        0x0 /Users/pramodkumar/Hack/WS/UIOX/10_BSP/build/arm32/bsp_entry.o
                                 0x7b (size before relaxing)
 .debug_str     0x00000e0f        0x0 /Users/pramodkumar/Hack/WS/UIOX/10_BSP/build/arm32/arch_irq.o
                                 0x79 (size before relaxing)

.debug_frame    0x00000000      0x624
 .debug_frame   0x00000000       0xa8 /Users/pramodkumar/Hack/WS/UIOX/10_BSP/build/arm32/uiox_bsp_main.o
 .debug_frame   0x000000a8       0x80 /Users/pramodkumar/Hack/WS/UIOX/10_BSP/build/arm32/uiox_bsp_stubs.o
 .debug_frame   0x00000128       0x4c /Users/pramodkumar/Hack/WS/UIOX/10_BSP/build/arm32/arch_init.o
 .debug_frame   0x00000174      0x140 /Users/pramodkumar/Hack/WS/UIOX/10_BSP/build/arm32/arch_runtime.o
 .debug_frame   0x000002b4       0x78 /Users/pramodkumar/Hack/WS/UIOX/10_BSP/build/arm32/irq.o
 .debug_frame   0x0000032c      0x174 /Users/pramodkumar/Hack/WS/UIOX/10_BSP/build/arm32/uiox_soc_hw.o
 .debug_frame   0x000004a0      0x184 /Users/pramodkumar/Hack/WS/UIOX/10_BSP/build/arm32/uiox_soc_stdio.o

.debug_line_str
                0x00000000       0xa2
 .debug_line_str
                0x00000000       0xa2 /Users/pramodkumar/Hack/WS/UIOX/10_BSP/build/arm32/bsp_entry.o
                                 0x5e (size before relaxing)
 .debug_line_str
                0x000000a2        0x0 /Users/pramodkumar/Hack/WS/UIOX/10_BSP/build/arm32/arch_irq.o
                                 0x6b (size before relaxing)
