
Merging object attributes


Discarded input sections

 .text          0x0000000000000000        0x0 build/x86_64/arch/x86_64/uiox_boot_entry_x86.o
 .data          0x0000000000000000        0x0 build/x86_64/arch/x86_64/uiox_boot_entry_x86.o
 .bss           0x0000000000000000        0x0 build/x86_64/arch/x86_64/uiox_boot_entry_x86.o
 .bss.stack     0x0000000000000000     0x4000 build/x86_64/arch/x86_64/uiox_boot_entry_x86.o
 .text          0x0000000000000000        0x0 build/x86_64/arch/x86_64/uiox_boot_hw_x86.o
 .data          0x0000000000000000        0x0 build/x86_64/arch/x86_64/uiox_boot_hw_x86.o
 .bss           0x0000000000000000        0x0 build/x86_64/arch/x86_64/uiox_boot_hw_x86.o
 .bss.s_pit_ticks
                0x0000000000000000        0x8 build/x86_64/arch/x86_64/uiox_boot_hw_x86.o
 .comment       0x0000000000000000       0x13 build/x86_64/arch/x86_64/uiox_boot_hw_x86.o
 .eh_frame      0x0000000000000000       0xe0 build/x86_64/arch/x86_64/uiox_boot_hw_x86.o
 .text          0x0000000000000000        0x0 build/x86_64/uiox_boot_hw.o
 .data          0x0000000000000000        0x0 build/x86_64/uiox_boot_hw.o
 .bss           0x0000000000000000        0x0 build/x86_64/uiox_boot_hw.o
 .text.uiox_boot_hw_ops
                0x0000000000000000        0x8 build/x86_64/uiox_boot_hw.o
 .text.uiox_boot_hw_init
                0x0000000000000000        0x1 build/x86_64/uiox_boot_hw.o
 .text.uiox_boot_hw_get_ticks
                0x0000000000000000       0x1a build/x86_64/uiox_boot_hw.o
 .text.uiox_boot_hw_udelay
                0x0000000000000000       0x18 build/x86_64/uiox_boot_hw.o
 .text.uiox_boot_hw_reset
                0x0000000000000000       0x1d build/x86_64/uiox_boot_hw.o
 .comment       0x0000000000000000       0x13 build/x86_64/uiox_boot_hw.o
 .eh_frame      0x0000000000000000       0xf0 build/x86_64/uiox_boot_hw.o
 .text          0x0000000000000000        0x0 build/x86_64/uiox_boot_console.o
 .data          0x0000000000000000        0x0 build/x86_64/uiox_boot_console.o
 .bss           0x0000000000000000        0x0 build/x86_64/uiox_boot_console.o
 .rodata.uiox_boot_banner.str1.1
                0x0000000000000000       0x9a build/x86_64/uiox_boot_console.o
 .text.uiox_boot_banner
                0x0000000000000000       0x4d build/x86_64/uiox_boot_console.o
 .comment       0x0000000000000000       0x13 build/x86_64/uiox_boot_console.o
 .eh_frame      0x0000000000000000      0x148 build/x86_64/uiox_boot_console.o
 .text          0x0000000000000000        0x0 build/x86_64/uiox_boot_mem.o
 .data          0x0000000000000000        0x0 build/x86_64/uiox_boot_mem.o
 .bss           0x0000000000000000        0x0 build/x86_64/uiox_boot_mem.o
 .comment       0x0000000000000000       0x13 build/x86_64/uiox_boot_mem.o
 .eh_frame      0x0000000000000000      0x110 build/x86_64/uiox_boot_mem.o
 .text          0x0000000000000000        0x0 build/x86_64/uiox_boot_fs.o
 .data          0x0000000000000000        0x0 build/x86_64/uiox_boot_fs.o
 .bss           0x0000000000000000        0x0 build/x86_64/uiox_boot_fs.o
 .comment       0x0000000000000000       0x13 build/x86_64/uiox_boot_fs.o
 .eh_frame      0x0000000000000000       0xb8 build/x86_64/uiox_boot_fs.o
 .text          0x0000000000000000        0x0 build/x86_64/uiox_boot_verify.o
 .data          0x0000000000000000        0x0 build/x86_64/uiox_boot_verify.o
 .bss           0x0000000000000000        0x0 build/x86_64/uiox_boot_verify.o
 .comment       0x0000000000000000       0x13 build/x86_64/uiox_boot_verify.o
 .eh_frame      0x0000000000000000      0x100 build/x86_64/uiox_boot_verify.o
 .text          0x0000000000000000        0x0 build/x86_64/uiox_boot_handoff.o
 .data          0x0000000000000000        0x0 build/x86_64/uiox_boot_handoff.o
 .bss           0x0000000000000000        0x0 build/x86_64/uiox_boot_handoff.o
 .comment       0x0000000000000000       0x13 build/x86_64/uiox_boot_handoff.o
 .eh_frame      0x0000000000000000       0xd0 build/x86_64/uiox_boot_handoff.o
 .text          0x0000000000000000        0x0 build/x86_64/uiox_boot_main.o
 .data          0x0000000000000000        0x0 build/x86_64/uiox_boot_main.o
 .bss           0x0000000000000000        0x0 build/x86_64/uiox_boot_main.o
 .comment       0x0000000000000000       0x13 build/x86_64/uiox_boot_main.o
 .eh_frame      0x0000000000000000       0x58 build/x86_64/uiox_boot_main.o

Memory Configuration

Name             Origin             Length             Attributes
low              0x0000000000000000 0x0000000000100000 r
kern             0x0000000000100000 0x0000000003f00000 xrw
*default*        0x0000000000000000 0xffffffffffffffff

Linker script and memory map

LOAD build/x86_64/arch/x86_64/uiox_boot_entry_x86.o
LOAD build/x86_64/arch/x86_64/uiox_boot_hw_x86.o
LOAD build/x86_64/uiox_boot_hw.o
LOAD build/x86_64/uiox_boot_console.o
LOAD build/x86_64/uiox_boot_mem.o
LOAD build/x86_64/uiox_boot_fs.o
LOAD build/x86_64/uiox_boot_verify.o
LOAD build/x86_64/uiox_boot_handoff.o
LOAD build/x86_64/uiox_boot_main.o
                0x0000000000100000                . = 0x100000

.multiboot      0x0000000000100000       0x18
 *(.multiboot)
 .multiboot     0x0000000000100000       0x18 build/x86_64/arch/x86_64/uiox_boot_entry_x86.o

.boot           0x0000000000100018       0xe1
                0x0000000000100018                _boot_start = .
 *(.boot)
 .boot          0x0000000000100018       0xe1 build/x86_64/arch/x86_64/uiox_boot_entry_x86.o
                0x0000000000100018                _start
                0x00000000001000f9                _boot_end = .

.text           0x0000000000101000     0x19a6
 *(.text*)
 .text.com1_putc
                0x0000000000101000       0x13 build/x86_64/arch/x86_64/uiox_boot_hw_x86.o
 .text.x86_get_ticks
                0x0000000000101013        0xa build/x86_64/arch/x86_64/uiox_boot_hw_x86.o
 .text.x86_udelay
                0x000000000010101d       0x24 build/x86_64/arch/x86_64/uiox_boot_hw_x86.o
 .text.x86_dcache_flush
                0x0000000000101041       0x19 build/x86_64/arch/x86_64/uiox_boot_hw_x86.o
 .text.x86_icache_inv
                0x000000000010105a        0x4 build/x86_64/arch/x86_64/uiox_boot_hw_x86.o
 .text.x86_reset
                0x000000000010105e       0x1c build/x86_64/arch/x86_64/uiox_boot_hw_x86.o
 .text.x86_hw_init
                0x000000000010107a       0x67 build/x86_64/arch/x86_64/uiox_boot_hw_x86.o
 .text.x86_barrier
                0x00000000001010e1        0x4 build/x86_64/arch/x86_64/uiox_boot_hw_x86.o
 .text.uiox_boot_hw_x86_register
                0x00000000001010e5        0xc build/x86_64/arch/x86_64/uiox_boot_hw_x86.o
                0x00000000001010e5                uiox_boot_hw_x86_register
 .text.uiox_boot_hw_register
                0x00000000001010f1       0x17 build/x86_64/uiox_boot_hw.o
                0x00000000001010f1                uiox_boot_hw_register
 .text.uiox_boot_hw_uart_putc
                0x0000000000101108       0x1c build/x86_64/uiox_boot_hw.o
                0x0000000000101108                uiox_boot_hw_uart_putc
 .text.uiox_boot_hw_dcache_flush
                0x0000000000101124       0x18 build/x86_64/uiox_boot_hw.o
                0x0000000000101124                uiox_boot_hw_dcache_flush
 .text.uiox_boot_hw_icache_inv
                0x000000000010113c       0x18 build/x86_64/uiox_boot_hw.o
                0x000000000010113c                uiox_boot_hw_icache_inv
 .text.uiox_boot_hw_barrier
                0x0000000000101154       0x18 build/x86_64/uiox_boot_hw.o
                0x0000000000101154                uiox_boot_hw_barrier
 .text.udiv32.part.0
                0x000000000010116c       0x3e build/x86_64/uiox_boot_console.o
 .text.div64_u32.constprop.0
                0x00000000001011aa       0x84 build/x86_64/uiox_boot_console.o
 .text.uiox_boot_console_init
                0x000000000010122e        0x1 build/x86_64/uiox_boot_console.o
                0x000000000010122e                uiox_boot_console_init
 .text.uiox_boot_putc
                0x000000000010122f       0x23 build/x86_64/uiox_boot_console.o
                0x000000000010122f                uiox_boot_putc
 .text.fmt_hex  0x0000000000101252       0x70 build/x86_64/uiox_boot_console.o
 .text.uiox_boot_puts.part.0
                0x00000000001012c2       0x1f build/x86_64/uiox_boot_console.o
 .text.uiox_boot_puts
                0x00000000001012e1        0xb build/x86_64/uiox_boot_console.o
                0x00000000001012e1                uiox_boot_puts
 .text.uiox_boot_printf
                0x00000000001012ec      0x445 build/x86_64/uiox_boot_console.o
                0x00000000001012ec                uiox_boot_printf
 .text.fdt_be32
                0x0000000000101731        0x5 build/x86_64/uiox_boot_mem.o
 .text.uiox_boot_memset
                0x0000000000101736       0x14 build/x86_64/uiox_boot_mem.o
                0x0000000000101736                uiox_boot_memset
 .text.uiox_boot_memcpy
                0x000000000010174a       0x16 build/x86_64/uiox_boot_mem.o
                0x000000000010174a                uiox_boot_memcpy
 .text.uiox_boot_memcmp
                0x0000000000101760       0x24 build/x86_64/uiox_boot_mem.o
                0x0000000000101760                uiox_boot_memcmp
 .text.uiox_boot_strlen
                0x0000000000101784        0xe build/x86_64/uiox_boot_mem.o
                0x0000000000101784                uiox_boot_strlen
 .text.uiox_boot_mem_probe
                0x0000000000101792      0x21e build/x86_64/uiox_boot_mem.o
                0x0000000000101792                uiox_boot_mem_probe
 .text.uiox_boot_mem_print
                0x00000000001019b0       0x89 build/x86_64/uiox_boot_mem.o
                0x00000000001019b0                uiox_boot_mem_print
 .text.uiox_boot_mem_alloc_init
                0x0000000000101a39       0x6e build/x86_64/uiox_boot_mem.o
                0x0000000000101a39                uiox_boot_mem_alloc_init
 .text.uiox_boot_mem_alloc
                0x0000000000101aa7       0x39 build/x86_64/uiox_boot_mem.o
                0x0000000000101aa7                uiox_boot_mem_alloc
 .text.fat32_read_fat
                0x0000000000101ae0       0x79 build/x86_64/uiox_boot_fs.o
 .text.uiox_boot_fs_init
                0x0000000000101b59       0xd2 build/x86_64/uiox_boot_fs.o
                0x0000000000101b59                uiox_boot_fs_init
 .text.uiox_boot_fs_load
                0x0000000000101c2b      0x2c8 build/x86_64/uiox_boot_fs.o
                0x0000000000101c2b                uiox_boot_fs_load
 .text.sha256_transform
                0x0000000000101ef3      0x206 build/x86_64/uiox_boot_verify.o
 .text.uiox_sha256_init
                0x00000000001020f9       0x43 build/x86_64/uiox_boot_verify.o
                0x00000000001020f9                uiox_sha256_init
 .text.uiox_sha256_update
                0x000000000010213c       0x4f build/x86_64/uiox_boot_verify.o
                0x000000000010213c                uiox_sha256_update
 .text.uiox_sha256_final
                0x000000000010218b       0x9a build/x86_64/uiox_boot_verify.o
                0x000000000010218b                uiox_sha256_final
 .text.uiox_sha256
                0x0000000000102225       0x32 build/x86_64/uiox_boot_verify.o
                0x0000000000102225                uiox_sha256
 .text.uiox_boot_verify_image
                0x0000000000102257       0xe1 build/x86_64/uiox_boot_verify.o
                0x0000000000102257                uiox_boot_verify_image
 .text.uiox_boot_elf64_load
                0x0000000000102338      0x127 build/x86_64/uiox_boot_handoff.o
                0x0000000000102338                uiox_boot_elf64_load
 .text.uiox_boot_flat_load
                0x000000000010245f       0x56 build/x86_64/uiox_boot_handoff.o
                0x000000000010245f                uiox_boot_flat_load
 .text.uiox_boot_arch_jump
                0x00000000001024b5       0x1a build/x86_64/uiox_boot_handoff.o
                0x00000000001024b5                uiox_boot_arch_jump
 .text.uiox_boot_handoff
                0x00000000001024cf       0xdd build/x86_64/uiox_boot_handoff.o
                0x00000000001024cf                uiox_boot_handoff
 .text.sim_blk_read
                0x00000000001025ac        0x6 build/x86_64/uiox_boot_main.o
 .text.uiox_boot_main
                0x00000000001025b2      0x3f4 build/x86_64/uiox_boot_main.o
                0x00000000001025b2                uiox_boot_main
 *(.gnu.linkonce.t*)

.iplt           0x00000000001029a6        0x0
 .iplt          0x00000000001029a6        0x0 build/x86_64/arch/x86_64/uiox_boot_entry_x86.o

.rodata         0x0000000000103000      0x780
 *(.rodata*)
 .rodata.x86_ops
                0x0000000000103000       0x40 build/x86_64/arch/x86_64/uiox_boot_hw_x86.o
 .rodata.uiox_boot_printf.str1.1
                0x0000000000103040      0x5a8 build/x86_64/uiox_boot_console.o
                                          0xa (size before relaxing)
 *fill*         0x00000000001035e8        0x8 
 .rodata.s_hex_up
                0x00000000001035f0       0x11 build/x86_64/uiox_boot_console.o
 *fill*         0x0000000000103601        0xf 
 .rodata.s_hex_lo
                0x0000000000103610       0x11 build/x86_64/uiox_boot_console.o
 .rodata.uiox_boot_mem_print.str1.1
                0x0000000000103621        0x0 build/x86_64/uiox_boot_mem.o
                                         0x4d (size before relaxing)
 .rodata.str1.1
                0x0000000000103621        0x0 build/x86_64/uiox_boot_mem.o
                                         0x27 (size before relaxing)
 *fill*         0x0000000000103621       0x1f 
 .rodata.type_names.0
                0x0000000000103640       0x30 build/x86_64/uiox_boot_mem.o
 .rodata.uiox_boot_verify_image.str1.1
                0x0000000000103670        0x0 build/x86_64/uiox_boot_verify.o
                                         0xf3 (size before relaxing)
 *fill*         0x0000000000103670       0x10 
 .rodata.K      0x0000000000103680      0x100 build/x86_64/uiox_boot_verify.o
 .rodata.uiox_boot_elf64_load.str1.1
                0x0000000000103780        0x0 build/x86_64/uiox_boot_handoff.o
                                         0x5a (size before relaxing)
 .rodata.uiox_boot_flat_load.str1.1
                0x0000000000103780        0x0 build/x86_64/uiox_boot_handoff.o
                                         0x26 (size before relaxing)
 .rodata.uiox_boot_handoff.str1.1
                0x0000000000103780        0x0 build/x86_64/uiox_boot_handoff.o
                                         0x4d (size before relaxing)
 .rodata.uiox_boot_main.str1.1
                0x0000000000103780        0x0 build/x86_64/uiox_boot_main.o
                                        0x36a (size before relaxing)
 *(.gnu.linkonce.r*)

.rela.dyn       0x0000000000103780        0x0
 .rela.got      0x0000000000103780        0x0 build/x86_64/arch/x86_64/uiox_boot_entry_x86.o
 .rela.iplt     0x0000000000103780        0x0 build/x86_64/arch/x86_64/uiox_boot_entry_x86.o
 .rela.boot     0x0000000000103780        0x0 build/x86_64/arch/x86_64/uiox_boot_entry_x86.o

.data
 *(.data*)
 *(.gnu.linkonce.d*)

.got            0x0000000000103780        0x0
 .got           0x0000000000103780        0x0 build/x86_64/arch/x86_64/uiox_boot_entry_x86.o

.got.plt        0x0000000000103780        0x0
 .got.plt       0x0000000000103780        0x0 build/x86_64/arch/x86_64/uiox_boot_entry_x86.o

.igot.plt       0x0000000000103780        0x0
 .igot.plt      0x0000000000103780        0x0 build/x86_64/arch/x86_64/uiox_boot_entry_x86.o
                0x0000000000103780                . = ALIGN (0x8)
                0x0000000000103780                __bss_start = .

.bss            0x0000000000104000     0x3008
 *(.bss*)
 .bss.pagetables
                0x0000000000104000     0x3000 build/x86_64/arch/x86_64/uiox_boot_entry_x86.o
 .bss.s_ops     0x0000000000107000        0x8 build/x86_64/uiox_boot_hw.o
 *(COMMON)

.bss.pagetables
                0x0000000000107008      0xff8
 *(.bss.pagetables)
                0x0000000000108000                . = ALIGN (0x1000)
 *fill*         0x0000000000107008      0xff8 

.bss.stack
 *(.bss.stack)
                0x0000000000108000                . = ALIGN (0x8)
                0x0000000000108000                __bss_end = .
                0x0000000000108000                _boot_stack_top = __bss_end
                0x0000000000108000                _boot_image_end = .

/DISCARD/
 *(.comment)
 *(.note*)
 *(.eh_frame*)
OUTPUT(build/x86_64/uiox_boot_x86_64.elf elf64-x86-64)

.debug_line     0x0000000000000000     0x235c
 .debug_line    0x0000000000000000       0x80 build/x86_64/arch/x86_64/uiox_boot_entry_x86.o
 .debug_line    0x0000000000000080      0x340 build/x86_64/arch/x86_64/uiox_boot_hw_x86.o
 .debug_line    0x00000000000003c0      0x249 build/x86_64/uiox_boot_hw.o
 .debug_line    0x0000000000000609      0x821 build/x86_64/uiox_boot_console.o
 .debug_line    0x0000000000000e2a      0x60b build/x86_64/uiox_boot_mem.o
 .debug_line    0x0000000000001435      0x462 build/x86_64/uiox_boot_fs.o
 .debug_line    0x0000000000001897      0x539 build/x86_64/uiox_boot_verify.o
 .debug_line    0x0000000000001dd0      0x28e build/x86_64/uiox_boot_handoff.o
 .debug_line    0x000000000000205e      0x2fe build/x86_64/uiox_boot_main.o

.debug_line_str
                0x0000000000000000      0x19a
 .debug_line_str
                0x0000000000000000      0x19a build/x86_64/arch/x86_64/uiox_boot_entry_x86.o
                                         0x4f (size before relaxing)
 .debug_line_str
                0x000000000000019a        0x0 build/x86_64/arch/x86_64/uiox_boot_hw_x86.o
                                         0xd4 (size before relaxing)
 .debug_line_str
                0x000000000000019a        0x0 build/x86_64/uiox_boot_hw.o
                                         0xb0 (size before relaxing)
 .debug_line_str
                0x000000000000019a        0x0 build/x86_64/uiox_boot_console.o
                                         0xca (size before relaxing)
 .debug_line_str
                0x000000000000019a        0x0 build/x86_64/uiox_boot_mem.o
                                         0xc8 (size before relaxing)
 .debug_line_str
                0x000000000000019a        0x0 build/x86_64/uiox_boot_fs.o
                                         0xc0 (size before relaxing)
 .debug_line_str
                0x000000000000019a        0x0 build/x86_64/uiox_boot_verify.o
                                         0xe4 (size before relaxing)
 .debug_line_str
                0x000000000000019a        0x0 build/x86_64/uiox_boot_handoff.o
                                         0xf7 (size before relaxing)
 .debug_line_str
                0x000000000000019a        0x0 build/x86_64/uiox_boot_main.o
                                        0x101 (size before relaxing)

.debug_info     0x0000000000000000     0x5636
 .debug_info    0x0000000000000000       0x29 build/x86_64/arch/x86_64/uiox_boot_entry_x86.o
 .debug_info    0x0000000000000029      0x9f8 build/x86_64/arch/x86_64/uiox_boot_hw_x86.o
 .debug_info    0x0000000000000a21      0x336 build/x86_64/uiox_boot_hw.o
 .debug_info    0x0000000000000d57     0x107a build/x86_64/uiox_boot_console.o
 .debug_info    0x0000000000001dd1      0xb8d build/x86_64/uiox_boot_mem.o
 .debug_info    0x000000000000295e      0xa8d build/x86_64/uiox_boot_fs.o
 .debug_info    0x00000000000033eb      0x7e7 build/x86_64/uiox_boot_verify.o
 .debug_info    0x0000000000003bd2      0xa33 build/x86_64/uiox_boot_handoff.o
 .debug_info    0x0000000000004605     0x1031 build/x86_64/uiox_boot_main.o

.debug_abbrev   0x0000000000000000     0x1500
 .debug_abbrev  0x0000000000000000       0x14 build/x86_64/arch/x86_64/uiox_boot_entry_x86.o
 .debug_abbrev  0x0000000000000014      0x2a9 build/x86_64/arch/x86_64/uiox_boot_hw_x86.o
 .debug_abbrev  0x00000000000002bd      0x195 build/x86_64/uiox_boot_hw.o
 .debug_abbrev  0x0000000000000452      0x3b3 build/x86_64/uiox_boot_console.o
 .debug_abbrev  0x0000000000000805      0x339 build/x86_64/uiox_boot_mem.o
 .debug_abbrev  0x0000000000000b3e      0x29a build/x86_64/uiox_boot_fs.o
 .debug_abbrev  0x0000000000000dd8      0x24b build/x86_64/uiox_boot_verify.o
 .debug_abbrev  0x0000000000001023      0x258 build/x86_64/uiox_boot_handoff.o
 .debug_abbrev  0x000000000000127b      0x285 build/x86_64/uiox_boot_main.o

.debug_aranges  0x0000000000000000      0x470
 .debug_aranges
                0x0000000000000000       0x30 build/x86_64/arch/x86_64/uiox_boot_entry_x86.o
 .debug_aranges
                0x0000000000000030       0xb0 build/x86_64/arch/x86_64/uiox_boot_hw_x86.o
 .debug_aranges
                0x00000000000000e0       0xc0 build/x86_64/uiox_boot_hw.o
 .debug_aranges
                0x00000000000001a0       0xb0 build/x86_64/uiox_boot_console.o
 .debug_aranges
                0x0000000000000250       0xb0 build/x86_64/uiox_boot_mem.o
 .debug_aranges
                0x0000000000000300       0x50 build/x86_64/uiox_boot_fs.o
 .debug_aranges
                0x0000000000000350       0x80 build/x86_64/uiox_boot_verify.o
 .debug_aranges
                0x00000000000003d0       0x60 build/x86_64/uiox_boot_handoff.o
 .debug_aranges
                0x0000000000000430       0x40 build/x86_64/uiox_boot_main.o

.debug_str      0x0000000000000000      0xd7a
 .debug_str     0x0000000000000000      0xd7a build/x86_64/arch/x86_64/uiox_boot_entry_x86.o
                                         0x5d (size before relaxing)
 .debug_str     0x0000000000000d7a        0x0 build/x86_64/arch/x86_64/uiox_boot_hw_x86.o
                                        0x2ad (size before relaxing)
 .debug_str     0x0000000000000d7a        0x0 build/x86_64/uiox_boot_hw.o
                                        0x288 (size before relaxing)
 .debug_str     0x0000000000000d7a        0x0 build/x86_64/uiox_boot_console.o
                                        0x2a6 (size before relaxing)
 .debug_str     0x0000000000000d7a        0x0 build/x86_64/uiox_boot_mem.o
                                        0x501 (size before relaxing)
 .debug_str     0x0000000000000d7a        0x0 build/x86_64/uiox_boot_fs.o
                                        0x4d5 (size before relaxing)
 .debug_str     0x0000000000000d7a        0x0 build/x86_64/uiox_boot_verify.o
                                        0x3b5 (size before relaxing)
 .debug_str     0x0000000000000d7a        0x0 build/x86_64/uiox_boot_handoff.o
                                        0x5bb (size before relaxing)
 .debug_str     0x0000000000000d7a        0x0 build/x86_64/uiox_boot_main.o
                                        0x770 (size before relaxing)

.debug_loclists
                0x0000000000000000     0x28ce
 .debug_loclists
                0x0000000000000000      0x39a build/x86_64/arch/x86_64/uiox_boot_hw_x86.o
 .debug_loclists
                0x000000000000039a       0xb6 build/x86_64/uiox_boot_hw.o
 .debug_loclists
                0x0000000000000450      0xae5 build/x86_64/uiox_boot_console.o
 .debug_loclists
                0x0000000000000f35      0x6aa build/x86_64/uiox_boot_mem.o
 .debug_loclists
                0x00000000000015df      0x583 build/x86_64/uiox_boot_fs.o
 .debug_loclists
                0x0000000000001b62      0x780 build/x86_64/uiox_boot_verify.o
 .debug_loclists
                0x00000000000022e2      0x376 build/x86_64/uiox_boot_handoff.o
 .debug_loclists
                0x0000000000002658      0x276 build/x86_64/uiox_boot_main.o

.debug_rnglists
                0x0000000000000000      0x546
 .debug_rnglists
                0x0000000000000000       0x77 build/x86_64/arch/x86_64/uiox_boot_hw_x86.o
 .debug_rnglists
                0x0000000000000077       0x71 build/x86_64/uiox_boot_hw.o
 .debug_rnglists
                0x00000000000000e8      0x180 build/x86_64/uiox_boot_console.o
 .debug_rnglists
                0x0000000000000268       0xf3 build/x86_64/uiox_boot_mem.o
 .debug_rnglists
                0x000000000000035b       0xb7 build/x86_64/uiox_boot_fs.o
 .debug_rnglists
                0x0000000000000412       0xa0 build/x86_64/uiox_boot_verify.o
 .debug_rnglists
                0x00000000000004b2       0x72 build/x86_64/uiox_boot_handoff.o
 .debug_rnglists
                0x0000000000000524       0x22 build/x86_64/uiox_boot_main.o
